Component: Arm Compiler for Embedded 6.24 Tool: armlink [5f371500]

==============================================================================

Section Cross References

    startup_py32f002bxx.o(RESET) refers to startup_py32f002bxx.o(STACK) for __initial_sp
    startup_py32f002bxx.o(RESET) refers to startup_py32f002bxx.o(.text) for Reset_Handler
    startup_py32f002bxx.o(RESET) refers to py32f002b_it.o(.text.NMI_Handler) for NMI_Handler
    startup_py32f002bxx.o(RESET) refers to py32f002b_it.o(.text.HardFault_Handler) for HardFault_Handler
    startup_py32f002bxx.o(RESET) refers to py32f002b_it.o(.text.SVC_Handler) for SVC_Handler
    startup_py32f002bxx.o(RESET) refers to py32f002b_it.o(.text.PendSV_Handler) for PendSV_Handler
    startup_py32f002bxx.o(RESET) refers to py32f002b_it.o(.text.SysTick_Handler) for SysTick_Handler
    startup_py32f002bxx.o(RESET) refers to py32f002b_it.o(.text.TIM1_BRK_UP_TRG_COM_IRQHandler) for TIM1_BRK_UP_TRG_COM_IRQHandler
    startup_py32f002bxx.o(.text) refers to system_py32f002b.o(.text.SystemInit) for SystemInit
    startup_py32f002bxx.o(.text) refers to entry.o(.ARM.Collect$$$$00000000) for __main
    system_py32f002b.o(.text.SystemCoreClockUpdate) refers to system_py32f002b.o(.rodata.HSIFreqTable) for HSIFreqTable
    system_py32f002b.o(.text.SystemCoreClockUpdate) refers to system_py32f002b.o(.data.SystemCoreClock) for SystemCoreClock
    system_py32f002b.o(.text.SystemCoreClockUpdate) refers to system_py32f002b.o(.rodata.AHBPrescTable) for AHBPrescTable
    system_py32f002b.o(.ARM.exidx.text.SystemCoreClockUpdate) refers to system_py32f002b.o(.text.SystemCoreClockUpdate) for [Anonymous Symbol]
    system_py32f002b.o(.ARM.exidx.text.SystemInit) refers to system_py32f002b.o(.text.SystemInit) for [Anonymous Symbol]
    main.o(.text.main) refers to py32f002b_hal.o(.text.HAL_Init) for HAL_Init
    main.o(.text.main) refers to py32f002b_hal_gpio.o(.text.HAL_GPIO_Init) for HAL_GPIO_Init
    main.o(.text.main) refers to py32f002b_hal_tim.o(.text.HAL_TIM_Base_Init) for HAL_TIM_Base_Init
    main.o(.text.main) refers to py32f002b_hal_tim.o(.text.HAL_TIM_PWM_ConfigChannel) for HAL_TIM_PWM_ConfigChannel
    main.o(.text.main) refers to py32f002b_hal_adc.o(.text.HAL_ADC_Init) for HAL_ADC_Init
    main.o(.text.main) refers to py32f002b_hal_adc.o(.text.HAL_ADC_ConfigChannel) for HAL_ADC_ConfigChannel
    main.o(.text.main) refers to py32f002b_hal_adc.o(.text.HAL_ADC_Calibration_Start) for HAL_ADC_Calibration_Start
    main.o(.text.main) refers to py32f002b_hal_tim.o(.text.HAL_TIM_PWM_Start) for HAL_TIM_PWM_Start
    main.o(.text.main) refers to py32f002b_hal.o(.text.HAL_Delay) for HAL_Delay
    main.o(.text.main) refers to py32f002b_hal_adc.o(.text.HAL_ADC_Start) for HAL_ADC_Start
    main.o(.text.main) refers to py32f002b_hal_adc.o(.text.HAL_ADC_PollForConversion) for HAL_ADC_PollForConversion
    main.o(.text.main) refers to py32f002b_hal_adc.o(.text.HAL_ADC_GetValue) for HAL_ADC_GetValue
    main.o(.text.main) refers to idiv_div0.o(.text) for __aeabi_idiv
    main.o(.text.main) refers to main.o(.bss.TimHandle) for TimHandle
    main.o(.text.main) refers to main.o(.bss.sConfig) for sConfig
    main.o(.text.main) refers to main.o(.bss.pwmOutputValue) for pwmOutputValue
    main.o(.text.main) refers to main.o(.bss.hadc) for hadc
    main.o(.text.main) refers to main.o(.bss.aADCxConvertedData) for aADCxConvertedData
    main.o(.ARM.exidx.text.main) refers to main.o(.text.main) for [Anonymous Symbol]
    main.o(.ARM.exidx.text.APP_ErrorHandler) refers to main.o(.text.APP_ErrorHandler) for [Anonymous Symbol]
    main.o(.text.map) refers to idiv_div0.o(.text) for __aeabi_idiv
    main.o(.ARM.exidx.text.map) refers to main.o(.text.map) for [Anonymous Symbol]
    py32f002b_hal_msp.o(.ARM.exidx.text.HAL_MspInit) refers to py32f002b_hal_msp.o(.text.HAL_MspInit) for [Anonymous Symbol]
    py32f002b_hal_msp.o(.text.HAL_TIM_Base_MspInit) refers to py32f002b_hal_gpio.o(.text.HAL_GPIO_Init) for HAL_GPIO_Init
    py32f002b_hal_msp.o(.ARM.exidx.text.HAL_TIM_Base_MspInit) refers to py32f002b_hal_msp.o(.text.HAL_TIM_Base_MspInit) for [Anonymous Symbol]
    py32f002b_it.o(.ARM.exidx.text.NMI_Handler) refers to py32f002b_it.o(.text.NMI_Handler) for [Anonymous Symbol]
    py32f002b_it.o(.ARM.exidx.text.HardFault_Handler) refers to py32f002b_it.o(.text.HardFault_Handler) for [Anonymous Symbol]
    py32f002b_it.o(.ARM.exidx.text.SVC_Handler) refers to py32f002b_it.o(.text.SVC_Handler) for [Anonymous Symbol]
    py32f002b_it.o(.ARM.exidx.text.PendSV_Handler) refers to py32f002b_it.o(.text.PendSV_Handler) for [Anonymous Symbol]
    py32f002b_it.o(.text.SysTick_Handler) refers to py32f002b_hal.o(.text.HAL_IncTick) for HAL_IncTick
    py32f002b_it.o(.ARM.exidx.text.SysTick_Handler) refers to py32f002b_it.o(.text.SysTick_Handler) for [Anonymous Symbol]
    py32f002b_it.o(.text.TIM1_BRK_UP_TRG_COM_IRQHandler) refers to py32f002b_hal_tim.o(.text.HAL_TIM_IRQHandler) for HAL_TIM_IRQHandler
[...]
    py32f002b_hal_tim.o(.text.HAL_TIM_SlaveConfigSynchro) refers to py32f002b_hal_tim.o(.text.TIM_SlaveTimer_SetConfig) for TIM_SlaveTimer_SetConfig
    py32f002b_hal_tim.o(.ARM.exidx.text.HAL_TIM_SlaveConfigSynchro) refers to py32f002b_hal_tim.o(.text.HAL_TIM_SlaveConfigSynchro) for [Anonymous Symbol]
    py32f002b_hal_tim.o(.ARM.exidx.text.TIM_SlaveTimer_SetConfig) refers to py32f002b_hal_tim.o(.text.TIM_SlaveTimer_SetConfig) for [Anonymous Symbol]
    py32f002b_hal_tim.o(.text.HAL_TIM_SlaveConfigSynchro_IT) refers to py32f002b_hal_tim.o(.text.TIM_SlaveTimer_SetConfig) for TIM_SlaveTimer_SetConfig
    py32f002b_hal_tim.o(.ARM.exidx.text.HAL_TIM_SlaveConfigSynchro_IT) refers to py32f002b_hal_tim.o(.text.HAL_TIM_SlaveConfigSynchro_IT) for [Anonymous Symbol]
    py32f002b_hal_tim.o(.ARM.exidx.text.HAL_TIM_ReadCapturedValue) refers to py32f002b_hal_tim.o(.text.HAL_TIM_ReadCapturedValue) for [Anonymous Symbol]
    py32f002b_hal_tim.o(.ARM.exidx.text.HAL_TIM_PeriodElapsedHalfCpltCallback) refers to py32f002b_hal_tim.o(.text.HAL_TIM_PeriodElapsedHalfCpltCallback) for [Anonymous Symbol]
    py32f002b_hal_tim.o(.ARM.exidx.text.HAL_TIM_IC_CaptureHalfCpltCallback) refers to py32f002b_hal_tim.o(.text.HAL_TIM_IC_CaptureHalfCpltCallback) for [Anonymous Symbol]
    py32f002b_hal_tim.o(.ARM.exidx.text.HAL_TIM_PWM_PulseFinishedHalfCpltCallback) refers to py32f002b_hal_tim.o(.text.HAL_TIM_PWM_PulseFinishedHalfCpltCallback) for [Anonymous Symbol]
    py32f002b_hal_tim.o(.ARM.exidx.text.HAL_TIM_TriggerHalfCpltCallback) refers to py32f002b_hal_tim.o(.text.HAL_TIM_TriggerHalfCpltCallback) for [Anonymous Symbol]
    py32f002b_hal_tim.o(.ARM.exidx.text.HAL_TIM_ErrorCallback) refers to py32f002b_hal_tim.o(.text.HAL_TIM_ErrorCallback) for [Anonymous Symbol]
    py32f002b_hal_tim.o(.ARM.exidx.text.HAL_TIM_Base_GetState) refers to py32f002b_hal_tim.o(.text.HAL_TIM_Base_GetState) for [Anonymous Symbol]
    py32f002b_hal_tim.o(.ARM.exidx.text.HAL_TIM_OC_GetState) refers to py32f002b_hal_tim.o(.text.HAL_TIM_OC_GetState) for [Anonymous Symbol]
    py32f002b_hal_tim.o(.ARM.exidx.text.HAL_TIM_PWM_GetState) refers to py32f002b_hal_tim.o(.text.HAL_TIM_PWM_GetState) for [Anonymous Symbol]
    py32f002b_hal_tim.o(.ARM.exidx.text.HAL_TIM_IC_GetState) refers to py32f002b_hal_tim.o(.text.HAL_TIM_IC_GetState) for [Anonymous Symbol]
    py32f002b_hal_tim.o(.ARM.exidx.text.HAL_TIM_OnePulse_GetState) refers to py32f002b_hal_tim.o(.text.HAL_TIM_OnePulse_GetState) for [Anonymous Symbol]
    py32f002b_hal_tim.o(.ARM.exidx.text.HAL_TIM_Encoder_GetState) refers to py32f002b_hal_tim.o(.text.HAL_TIM_Encoder_GetState) for [Anonymous Symbol]
    py32f002b_hal_tim_ex.o(.text.HAL_TIMEx_HallSensor_Init) refers to py32f002b_hal_tim_ex.o(.text.HAL_TIMEx_HallSensor_MspInit) for HAL_TIMEx_HallSensor_MspInit
    py32f002b_hal_tim_ex.o(.text.HAL_TIMEx_HallSensor_Init) refers to py32f002b_hal_tim.o(.text.TIM_Base_SetConfig) for TIM_Base_SetConfig
    py32f002b_hal_tim_ex.o(.text.HAL_TIMEx_HallSensor_Init) refers to py32f002b_hal_tim.o(.text.TIM_TI1_SetConfig) for TIM_TI1_SetConfig
    py32f002b_hal_tim_ex.o(.text.HAL_TIMEx_HallSensor_Init) refers to py32f002b_hal_tim.o(.text.TIM_OC2_SetConfig) for TIM_OC2_SetConfig
    py32f002b_hal_tim_ex.o(.ARM.exidx.text.HAL_TIMEx_HallSensor_Init) refers to py32f002b_hal_tim_ex.o(.text.HAL_TIMEx_HallSensor_Init) for [Anonymous Symbol]
    py32f002b_hal_tim_ex.o(.ARM.exidx.text.HAL_TIMEx_HallSensor_MspInit) refers to py32f002b_hal_tim_ex.o(.text.HAL_TIMEx_HallSensor_MspInit) for [Anonymous Symbol]
    py32f002b_hal_tim_ex.o(.text.HAL_TIMEx_HallSensor_DeInit) refers to py32f002b_hal_tim_ex.o(.text.HAL_TIMEx_HallSensor_MspDeInit) for HAL_TIMEx_HallSensor_MspDeInit
    py32f002b_hal_tim_ex.o(.ARM.exidx.text.HAL_TIMEx_HallSensor_DeInit) refers to py32f002b_hal_tim_ex.o(.text.HAL_TIMEx_HallSensor_DeInit) for [Anonymous Symbol]
    py32f002b_hal_tim_ex.o(.ARM.exidx.text.HAL_TIMEx_HallSensor_MspDeInit) refers to py32f002b_hal_tim_ex.o(.text.HAL_TIMEx_HallSensor_MspDeInit) for [Anonymous Symbol]
    py32f002b_hal_tim_ex.o(.text.HAL_TIMEx_HallSensor_Start) refers to py32f002b_hal_tim.o(.text.TIM_CCxChannelCmd) for TIM_CCxChannelCmd
    py32f002b_hal_tim_ex.o(.ARM.exidx.text.HAL_TIMEx_HallSensor_Start) refers to py32f002b_hal_tim_ex.o(.text.HAL_TIMEx_HallSensor_Start) for [Anonymous Symbol]
    py32f002b_hal_tim_ex.o(.text.HAL_TIMEx_HallSensor_Stop) refers to py32f002b_hal_tim.o(.text.TIM_CCxChannelCmd) for TIM_CCxChannelCmd
    py32f002b_hal_tim_ex.o(.ARM.exidx.text.HAL_TIMEx_HallSensor_Stop) refers to py32f002b_hal_tim_ex.o(.text.HAL_TIMEx_HallSensor_Stop) for [Anonymous Symbol]
    py32f002b_hal_tim_ex.o(.text.HAL_TIMEx_HallSensor_Start_IT) refers to py32f002b_hal_tim.o(.text.TIM_CCxChannelCmd) for TIM_CCxChannelCmd
    py32f002b_hal_tim_ex.o(.ARM.exidx.text.HAL_TIMEx_HallSensor_Start_IT) refers to py32f002b_hal_tim_ex.o(.text.HAL_TIMEx_HallSensor_Start_IT) for [Anonymous Symbol]
    py32f002b_hal_tim_ex.o(.text.HAL_TIMEx_HallSensor_Stop_IT) refers to py32f002b_hal_tim.o(.text.TIM_CCxChannelCmd) for TIM_CCxChannelCmd
    py32f002b_hal_tim_ex.o(.ARM.exidx.text.HAL_TIMEx_HallSensor_Stop_IT) refers to py32f002b_hal_tim_ex.o(.text.HAL_TIMEx_HallSensor_Stop_IT) for [Anonymous Symbol]
    py32f002b_hal_tim_ex.o(.ARM.exidx.text.HAL_TIMEx_OCN_Start) refers to py32f002b_hal_tim_ex.o(.text.HAL_TIMEx_OCN_Start) for [Anonymous Symbol]
    py32f002b_hal_tim_ex.o(.ARM.exidx.text.HAL_TIMEx_OCN_Stop) refers to py32f002b_hal_tim_ex.o(.text.HAL_TIMEx_OCN_Stop) for [Anonymous Symbol]
    py32f002b_hal_tim_ex.o(.ARM.exidx.text.HAL_TIMEx_OCN_Start_IT) refers to py32f002b_hal_tim_ex.o(.text.HAL_TIMEx_OCN_Start_IT) for [Anonymous Symbol]
    py32f002b_hal_tim_ex.o(.ARM.exidx.text.HAL_TIMEx_OCN_Stop_IT) refers to py32f002b_hal_tim_ex.o(.text.HAL_TIMEx_OCN_Stop_IT) for [Anonymous Symbol]
    py32f002b_hal_tim_ex.o(.ARM.exidx.text.HAL_TIMEx_PWMN_Start) refers to py32f002b_hal_tim_ex.o(.text.HAL_TIMEx_PWMN_Start) for [Anonymous Symbol]
    py32f002b_hal_tim_ex.o(.ARM.exidx.text.HAL_TIMEx_PWMN_Stop) refers to py32f002b_hal_tim_ex.o(.text.HAL_TIMEx_PWMN_Stop) for [Anonymous Symbol]
    py32f002b_hal_tim_ex.o(.ARM.exidx.text.HAL_TIMEx_PWMN_Start_IT) refers to py32f002b_hal_tim_ex.o(.text.HAL_TIMEx_PWMN_Start_IT) for [Anonymous Symbol]
    py32f002b_hal_tim_ex.o(.ARM.exidx.text.HAL_TIMEx_PWMN_Stop_IT) refers to py32f002b_hal_tim_ex.o(.text.HAL_TIMEx_PWMN_Stop_IT) for [Anonymous Symbol]
    py32f002b_hal_tim_ex.o(.ARM.exidx.text.HAL_TIMEx_OnePulseN_Start) refers to py32f002b_hal_tim_ex.o(.text.HAL_TIMEx_OnePulseN_Start) for [Anonymous Symbol]
    py32f002b_hal_tim_ex.o(.ARM.exidx.text.HAL_TIMEx_OnePulseN_Stop) refers to py32f002b_hal_tim_ex.o(.text.HAL_TIMEx_OnePulseN_Stop) for [Anonymous Symbol]
    py32f002b_hal_tim_ex.o(.ARM.exidx.text.HAL_TIMEx_OnePulseN_Start_IT) refers to py32f002b_hal_tim_ex.o(.text.HAL_TIMEx_OnePulseN_Start_IT) for [Anonymous Symbol]
    py32f002b_hal_tim_ex.o(.ARM.exidx.text.HAL_TIMEx_OnePulseN_Stop_IT) refers to py32f002b_hal_tim_ex.o(.text.HAL_TIMEx_OnePulseN_Stop_IT) for [Anonymous Symbol]
    py32f002b_hal_tim_ex.o(.ARM.exidx.text.HAL_TIMEx_ConfigCommutEvent) refers to py32f002b_hal_tim_ex.o(.text.HAL_TIMEx_ConfigCommutEvent) for [Anonymous Symbol]
    py32f002b_hal_tim_ex.o(.ARM.exidx.text.HAL_TIMEx_ConfigCommutEvent_IT) refers to py32f002b_hal_tim_ex.o(.text.HAL_TIMEx_ConfigCommutEvent_IT) for [Anonymous Symbol]
    py32f002b_hal_tim_ex.o(.ARM.exidx.text.HAL_TIMEx_MasterConfigSynchronization) refers to py32f002b_hal_tim_ex.o(.text.HAL_TIMEx_MasterConfigSynchronization) for [Anonymous Symbol]
    py32f002b_hal_tim_ex.o(.ARM.exidx.text.HAL_TIMEx_ConfigBreakDeadTime) refers to py32f002b_hal_tim_ex.o(.text.HAL_TIMEx_ConfigBreakDeadTime) for [Anonymous Symbol]
    py32f002b_hal_tim_ex.o(.ARM.exidx.text.HAL_TIMEx_RemapConfig) refers to py32f002b_hal_tim_ex.o(.text.HAL_TIMEx_RemapConfig) for [Anonymous Symbol]
    py32f002b_hal_tim_ex.o(.ARM.exidx.text.HAL_TIMEx_CommutCallback) refers to py32f002b_hal_tim_ex.o(.text.HAL_TIMEx_CommutCallback) for [Anonymous Symbol]
    py32f002b_hal_tim_ex.o(.ARM.exidx.text.HAL_TIMEx_CommutHalfCpltCallback) refers to py32f002b_hal_tim_ex.o(.text.HAL_TIMEx_CommutHalfCpltCallback) for [Anonymous Symbol]
    py32f002b_hal_tim_ex.o(.ARM.exidx.text.HAL_TIMEx_BreakCallback) refers to py32f002b_hal_tim_ex.o(.text.HAL_TIMEx_BreakCallback) for [Anonymous Symbol]
    py32f002b_hal_tim_ex.o(.ARM.exidx.text.HAL_TIMEx_HallSensor_GetState) refers to py32f002b_hal_tim_ex.o(.text.HAL_TIMEx_HallSensor_GetState) for [Anonymous Symbol]
    py32f002b_hal_adc.o(.text.HAL_ADC_Init) refers to py32f002b_hal_adc.o(.text.HAL_ADC_MspInit) for HAL_ADC_MspInit
    py32f002b_hal_adc.o(.ARM.exidx.text.HAL_ADC_Init) refers to py32f002b_hal_adc.o(.text.HAL_ADC_Init) for [Anonymous Symbol]
    py32f002b_hal_adc.o(.ARM.exidx.text.HAL_ADC_MspInit) refers to py32f002b_hal_adc.o(.text.HAL_ADC_MspInit) for [Anonymous Symbol]
    py32f002b_hal_adc.o(.text.HAL_ADC_DeInit) refers to py32f002b_hal.o(.text.HAL_GetTick) for HAL_GetTick
    py32f002b_hal_adc.o(.text.HAL_ADC_DeInit) refers to py32f002b_hal_adc.o(.text.HAL_ADC_MspDeInit) for HAL_ADC_MspDeInit
    py32f002b_hal_adc.o(.ARM.exidx.text.HAL_ADC_DeInit) refers to py32f002b_hal_adc.o(.text.HAL_ADC_DeInit) for [Anonymous Symbol]
    py32f002b_hal_adc.o(.ARM.exidx.text.HAL_ADC_MspDeInit) refers to py32f002b_hal_adc.o(.text.HAL_ADC_MspDeInit) for [Anonymous Symbol]
    py32f002b_hal_adc.o(.text.HAL_ADC_Start) refers to uidiv_div0.o(.text) for __aeabi_uidiv
    py32f002b_hal_adc.o(.text.HAL_ADC_Start) refers to system_py32f002b.o(.data.SystemCoreClock) for SystemCoreClock
    py32f002b_hal_adc.o(.ARM.exidx.text.HAL_ADC_Start) refers to py32f002b_hal_adc.o(.text.HAL_ADC_Start) for [Anonymous Symbol]
    py32f002b_hal_adc.o(.text.HAL_ADC_Stop) refers to py32f002b_hal.o(.text.HAL_GetTick) for HAL_GetTick
    py32f002b_hal_adc.o(.ARM.exidx.text.HAL_ADC_Stop) refers to py32f002b_hal_adc.o(.text.HAL_ADC_Stop) for [Anonymous Symbol]
    py32f002b_hal_adc.o(.text.HAL_ADC_PollForConversion) refers to py32f002b_hal.o(.text.HAL_GetTick) for HAL_GetTick
    py32f002b_hal_adc.o(.ARM.exidx.text.HAL_ADC_PollForConversion) refers to py32f002b_hal_adc.o(.text.HAL_ADC_PollForConversion) for [Anonymous Symbol]
    py32f002b_hal_adc.o(.text.HAL_ADC_PollForEvent) refers to py32f002b_hal.o(.text.HAL_GetTick) for HAL_GetTick
    py32f002b_hal_adc.o(.ARM.exidx.text.HAL_ADC_PollForEvent) refers to py32f002b_hal_adc.o(.text.HAL_ADC_PollForEvent) for [Anonymous Symbol]
    py32f002b_hal_adc.o(.text.HAL_ADC_Start_IT) refers to uidiv_div0.o(.text) for __aeabi_uidiv
    py32f002b_hal_adc.o(.text.HAL_ADC_Start_IT) refers to system_py32f002b.o(.data.SystemCoreClock) for SystemCoreClock
    py32f002b_hal_adc.o(.ARM.exidx.text.HAL_ADC_Start_IT) refers to py32f002b_hal_adc.o(.text.HAL_ADC_Start_IT) for [Anonymous Symbol]
    py32f002b_hal_adc.o(.text.HAL_ADC_Stop_IT) refers to py32f002b_hal.o(.text.HAL_GetTick) for HAL_GetTick
    py32f002b_hal_adc.o(.ARM.exidx.text.HAL_ADC_Stop_IT) refers to py32f002b_hal_adc.o(.text.HAL_ADC_Stop_IT) for [Anonymous Symbol]
    py32f002b_hal_adc.o(.ARM.exidx.text.HAL_ADC_GetValue) refers to py32f002b_hal_adc.o(.text.HAL_ADC_GetValue) for [Anonymous Symbol]
    py32f002b_hal_adc.o(.text.HAL_ADC_IRQHandler) refers to py32f002b_hal_adc.o(.text.HAL_ADC_ConvCpltCallback) for HAL_ADC_ConvCpltCallback
    py32f002b_hal_adc.o(.text.HAL_ADC_IRQHandler) refers to py32f002b_hal_adc.o(.text.HAL_ADC_LevelOutOfWindowCallback) for HAL_ADC_LevelOutOfWindowCallback
    py32f002b_hal_adc.o(.text.HAL_ADC_IRQHandler) refers to py32f002b_hal_adc.o(.text.HAL_ADC_ErrorCallback) for HAL_ADC_ErrorCallback
    py32f002b_hal_adc.o(.ARM.exidx.text.HAL_ADC_IRQHandler) refers to py32f002b_hal_adc.o(.text.HAL_ADC_IRQHandler) for [Anonymous Symbol]
    py32f002b_hal_adc.o(.ARM.exidx.text.HAL_ADC_ConvCpltCallback) refers to py32f002b_hal_adc.o(.text.HAL_ADC_ConvCpltCallback) for [Anonymous Symbol]
    py32f002b_hal_adc.o(.ARM.exidx.text.HAL_ADC_LevelOutOfWindowCallback) refers to py32f002b_hal_adc.o(.text.HAL_ADC_LevelOutOfWindowCallback) for [Anonymous Symbol]
    py32f002b_hal_adc.o(.ARM.exidx.text.HAL_ADC_ErrorCallback) refers to py32f002b_hal_adc.o(.text.HAL_ADC_ErrorCallback) for [Anonymous Symbol]
    py32f002b_hal_adc.o(.ARM.exidx.text.HAL_ADC_ConvHalfCpltCallback) refers to py32f002b_hal_adc.o(.text.HAL_ADC_ConvHalfCpltCallback) for [Anonymous Symbol]
    py32f002b_hal_adc.o(.text.HAL_ADC_ConfigChannel) refers to uidiv_div0.o(.text) for __aeabi_uidiv
    py32f002b_hal_adc.o(.text.HAL_ADC_ConfigChannel) refers to system_py32f002b.o(.data.SystemCoreClock) for SystemCoreClock
    py32f002b_hal_adc.o(.ARM.exidx.text.HAL_ADC_ConfigChannel) refers to py32f002b_hal_adc.o(.text.HAL_ADC_ConfigChannel) for [Anonymous Symbol]
    py32f002b_hal_adc.o(.ARM.exidx.text.HAL_ADC_ConfigVrefBuf) refers to py32f002b_hal_adc.o(.text.HAL_ADC_ConfigVrefBuf) for [Anonymous Symbol]
    py32f002b_hal_adc.o(.ARM.exidx.text.HAL_ADC_AnalogWDGConfig) refers to py32f002b_hal_adc.o(.text.HAL_ADC_AnalogWDGConfig) for [Anonymous Symbol]
    py32f002b_hal_adc.o(.ARM.exidx.text.HAL_ADC_GetState) refers to py32f002b_hal_adc.o(.text.HAL_ADC_GetState) for [Anonymous Symbol]
    py32f002b_hal_adc.o(.ARM.exidx.text.HAL_ADC_GetError) refers to py32f002b_hal_adc.o(.text.HAL_ADC_GetError) for [Anonymous Symbol]
    py32f002b_hal_adc.o(.text.HAL_ADC_Calibration_Start) refers to py32f002b_hal.o(.text.HAL_GetTick) for HAL_GetTick
    py32f002b_hal_adc.o(.ARM.exidx.text.HAL_ADC_Calibration_Start) refers to py32f002b_hal_adc.o(.text.HAL_ADC_Calibration_Start) for [Anonymous Symbol]
    py32f002b_hal_adc.o(.text.HAL_ADC_Calibration_SetAndStart) refers to py32f002b_hal.o(.text.HAL_GetTick) for HAL_GetTick
    py32f002b_hal_adc.o(.ARM.exidx.text.HAL_ADC_Calibration_SetAndStart) refers to py32f002b_hal_adc.o(.text.HAL_ADC_Calibration_SetAndStart) for [Anonymous Symbol]
    py32f002b_hal_adc.o(.ARM.exidx.text.HAL_ADC_Calibration_GetStatus) refers to py32f002b_hal_adc.o(.text.HAL_ADC_Calibration_GetStatus) for [Anonymous Symbol]
    entry.o(.ARM.Collect$$$$00000000) refers (Special) to entry10a.o(.ARM.Collect$$$$0000000D) for __rt_final_cpp
    entry.o(.ARM.Collect$$$$00000000) refers (Special) to entry11a.o(.ARM.Collect$$$$0000000F) for __rt_final_exit
    entry.o(.ARM.Collect$$$$00000000) refers (Special) to entry7b.o(.ARM.Collect$$$$00000008) for _main_clock
    entry.o(.ARM.Collect$$$$00000000) refers (Special) to entry8b.o(.ARM.Collect$$$$0000000A) for _main_cpp_init
    entry.o(.ARM.Collect$$$$00000000) refers (Special) to entry9a.o(.ARM.Collect$$$$0000000B) for _main_init
    entry.o(.ARM.Collect$$$$00000000) refers (Special) to entry5.o(.ARM.Collect$$$$00000004) for _main_scatterload
    entry.o(.ARM.Collect$$$$00000000) refers (Special) to entry2.o(.ARM.Collect$$$$00000001) for _main_stk
    idiv.o(.text) refers to uidiv_div0.o(.text) for __aeabi_uidivmod
    entry2.o(.ARM.Collect$$$$00000001) refers to entry2.o(.ARM.Collect$$$$00002712) for __lit__00000000
    entry2.o(.ARM.Collect$$$$00002712) refers to startup_py32f002bxx.o(STACK) for __initial_sp
    entry2.o(__vectab_stack_and_reset_area) refers to startup_py32f002bxx.o(STACK) for __initial_sp
    entry2.o(__vectab_stack_and_reset_area) refers to entry.o(.ARM.Collect$$$$00000000) for __main
    entry5.o(.ARM.Collect$$$$00000004) refers to init.o(.text) for __scatterload
    entry9a.o(.ARM.Collect$$$$0000000B) refers to main.o(.text.main) for main
    entry9b.o(.ARM.Collect$$$$0000000C) refers to main.o(.text.main) for main
    idiv_div0.o(.text) refers to uidiv_div0.o(.text) for __aeabi_uidivmod
    init.o(.text) refers to entry5.o(.ARM.Collect$$$$00000004) for __main_after_scatterload


==============================================================================

Removing Unused input sections from the image.

    Removing startup_py32f002bxx.o(HEAP), (0 bytes).
    Removing system_py32f002b.o(.text), (0 bytes).
    Removing system_py32f002b.o(.text.SystemCoreClockUpdate), (100 bytes).
    Removing system_py32f002b.o(.ARM.exidx.text.SystemCoreClockUpdate), (8 bytes).
    Removing system_py32f002b.o(.ARM.exidx.text.SystemInit), (8 bytes).
    Removing system_py32f002b.o(.rodata.AHBPrescTable), (64 bytes).
    Removing system_py32f002b.o(.rodata.APBPrescTable), (32 bytes).
    Removing system_py32f002b.o(.rodata.HSIFreqTable), (32 bytes).
    Removing main.o(.text), (0 bytes).
    Removing main.o(.ARM.exidx.text.main), (8 bytes).
    Removing main.o(.text.APP_ErrorHandler), (2 bytes).
    Removing main.o(.ARM.exidx.text.APP_ErrorHandler), (8 bytes).
    Removing main.o(.text.map), (58 bytes).
    Removing main.o(.ARM.exidx.text.map), (8 bytes).
    Removing main.o(.ARM.use_no_argv), (4 bytes).
    Removing py32f002b_hal_msp.o(.text), (0 bytes).
    Removing py32f002b_hal_msp.o(.ARM.exidx.text.HAL_MspInit), (8 bytes).
    Removing py32f002b_hal_msp.o(.ARM.exidx.text.HAL_TIM_Base_MspInit), (8 bytes).
    Removing py32f002b_it.o(.text), (0 bytes).
    Removing py32f002b_it.o(.ARM.exidx.text.NMI_Handler), (8 bytes).
    Removing py32f002b_it.o(.ARM.exidx.text.HardFault_Handler), (8 bytes).
    Removing py32f002b_it.o(.ARM.exidx.text.SVC_Handler), (8 bytes).
    Removing py32f002b_it.o(.ARM.exidx.text.PendSV_Handler), (8 bytes).
    Removing py32f002b_it.o(.ARM.exidx.text.SysTick_Handler), (8 bytes).
    Removing py32f002b_it.o(.ARM.exidx.text.TIM1_BRK_UP_TRG_COM_IRQHandler), (8 bytes).
    Removing py32f002b_hal.o(.text), (0 bytes).
    Removing py32f002b_hal.o(.ARM.exidx.text.HAL_Init), (8 bytes).
    Removing py32f002b_hal.o(.ARM.exidx.text.HAL_InitTick), (8 bytes).
    Removing py32f002b_hal.o(.text.HAL_MspInit), (2 bytes).
    Removing py32f002b_hal.o(.ARM.exidx.text.HAL_MspInit), (8 bytes).
    Removing py32f002b_hal.o(.text.HAL_DeInit), (36 bytes).
    Removing py32f002b_hal.o(.ARM.exidx.text.HAL_DeInit), (8 bytes).
    Removing py32f002b_hal.o(.text.HAL_MspDeInit), (2 bytes).
    Removing py32f002b_hal.o(.ARM.exidx.text.HAL_MspDeInit), (8 bytes).
    Removing py32f002b_hal.o(.ARM.exidx.text.HAL_IncTick), (8 bytes).
    Removing py32f002b_hal.o(.ARM.exidx.text.HAL_GetTick), (8 bytes).
    Removing py32f002b_hal.o(.text.HAL_GetTickPrio), (12 bytes).
    Removing py32f002b_hal.o(.ARM.exidx.text.HAL_GetTickPrio), (8 bytes).
    Removing py32f002b_hal.o(.text.HAL_SetTickFreq), (44 bytes).
    Removing py32f002b_hal.o(.ARM.exidx.text.HAL_SetTickFreq), (8 bytes).
    Removing py32f002b_hal.o(.text.HAL_GetTickFreq), (12 bytes).
    Removing py32f002b_hal.o(.ARM.exidx.text.HAL_GetTickFreq), (8 bytes).
    Removing py32f002b_hal.o(.ARM.exidx.text.HAL_Delay), (8 bytes).
    Removing py32f002b_hal.o(.text.HAL_SuspendTick), (16 bytes).
    Removing py32f002b_hal.o(.ARM.exidx.text.HAL_SuspendTick), (8 bytes).
    Removing py32f002b_hal.o(.text.HAL_ResumeTick), (16 bytes).
    Removing py32f002b_hal.o(.ARM.exidx.text.HAL_ResumeTick), (8 bytes).
    Removing py32f002b_hal.o(.text.HAL_GetHalVersion), (6 bytes).
    Removing py32f002b_hal.o(.ARM.exidx.text.HAL_GetHalVersion), (8 bytes).
    Removing py32f002b_hal.o(.text.HAL_GetREVID), (12 bytes).
    Removing py32f002b_hal.o(.ARM.exidx.text.HAL_GetREVID), (8 bytes).
    Removing py32f002b_hal.o(.text.HAL_GetDEVID), (16 bytes).
    Removing py32f002b_hal.o(.ARM.exidx.text.HAL_GetDEVID), (8 bytes).
    Removing py32f002b_hal.o(.text.HAL_GetUIDw0), (12 bytes).
    Removing py32f002b_hal.o(.ARM.exidx.text.HAL_GetUIDw0), (8 bytes).
    Removing py32f002b_hal.o(.text.HAL_GetUIDw1), (12 bytes).
    Removing py32f002b_hal.o(.ARM.exidx.text.HAL_GetUIDw1), (8 bytes).
    Removing py32f002b_hal.o(.text.HAL_GetUIDw2), (12 bytes).
    Removing py32f002b_hal.o(.ARM.exidx.text.HAL_GetUIDw2), (8 bytes).
    Removing py32f002b_hal.o(.text.HAL_DBGMCU_EnableDBGMCUStopMode), (16 bytes).
    Removing py32f002b_hal.o(.ARM.exidx.text.HAL_DBGMCU_EnableDBGMCUStopMode), (8 bytes).
    Removing py32f002b_hal.o(.text.HAL_DBGMCU_DisableDBGMCUStopMode), (16 bytes).
    Removing py32f002b_hal.o(.ARM.exidx.text.HAL_DBGMCU_DisableDBGMCUStopMode), (8 bytes).
    Removing py32f002b_hal.o(.text.HAL_SYSCFG_SetRemapMemory), (20 bytes).
    Removing py32f002b_hal.o(.ARM.exidx.text.HAL_SYSCFG_SetRemapMemory), (8 bytes).
    Removing py32f002b_hal.o(.text.HAL_SYSCFG_GetRemapMemory), (16 bytes).
    Removing py32f002b_hal.o(.ARM.exidx.text.HAL_SYSCFG_GetRemapMemory), (8 bytes).
    Removing py32f002b_hal.o(.text.HAL_SYSCFG_SetTIM1CH1Source), (20 bytes).
    Removing py32f002b_hal.o(.ARM.exidx.text.HAL_SYSCFG_SetTIM1CH1Source), (8 bytes).
    Removing py32f002b_hal.o(.text.HAL_SYSCFG_GetTIM1CH1Source), (16 bytes).
    Removing py32f002b_hal.o(.ARM.exidx.text.HAL_SYSCFG_GetTIM1CH1Source), (8 bytes).
    Removing py32f002b_hal.o(.text.HAL_SYSCFG_EnableI2CFastModePlus), (16 bytes).
    Removing py32f002b_hal.o(.ARM.exidx.text.HAL_SYSCFG_EnableI2CFastModePlus), (8 bytes).
    Removing py32f002b_hal.o(.text.HAL_SYSCFG_DisableI2CFastModePlus), (16 bytes).
    Removing py32f002b_hal.o(.ARM.exidx.text.HAL_SYSCFG_DisableI2CFastModePlus), (8 bytes).
    Removing py32f002b_hal.o(.text.HAL_SYSCFG_TIM1ETRSource), (20 bytes).
    Removing py32f002b_hal.o(.ARM.exidx.text.HAL_SYSCFG_TIM1ETRSource), (8 bytes).
    Removing py32f002b_hal.o(.text.HAL_SYSCFG_EnableGPIONoiseFilter), (52 bytes).
    Removing py32f002b_hal.o(.ARM.exidx.text.HAL_SYSCFG_EnableGPIONoiseFilter), (8 bytes).
    Removing py32f002b_hal.o(.text.HAL_SYSCFG_DisableGPIONoiseFilter), (52 bytes).
    Removing py32f002b_hal.o(.ARM.exidx.text.HAL_SYSCFG_DisableGPIONoiseFilter), (8 bytes).
    Removing py32f002b_hal_rcc.o(.text), (0 bytes).
    Removing py32f002b_hal_rcc.o(.text.HAL_RCC_DeInit), (176 bytes).
    Removing py32f002b_hal_rcc.o(.ARM.exidx.text.HAL_RCC_DeInit), (8 bytes).
    Removing py32f002b_hal_rcc.o(.text.HAL_RCC_OscConfig), (892 bytes).
    Removing py32f002b_hal_rcc.o(.ARM.exidx.text.HAL_RCC_OscConfig), (8 bytes).
    Removing py32f002b_hal_rcc.o(.text.HAL_RCC_GetSysClockFreq), (88 bytes).
    Removing py32f002b_hal_rcc.o(.ARM.exidx.text.HAL_RCC_GetSysClockFreq), (8 bytes).
    Removing py32f002b_hal_rcc.o(.text.HAL_RCC_ClockConfig), (432 bytes).
    Removing py32f002b_hal_rcc.o(.ARM.exidx.text.HAL_RCC_ClockConfig), (8 bytes).
    Removing py32f002b_hal_rcc.o(.text.HAL_RCC_MCOConfig), (108 bytes).
    Removing py32f002b_hal_rcc.o(.ARM.exidx.text.HAL_RCC_MCOConfig), (8 bytes).
    Removing py32f002b_hal_rcc.o(.text.HAL_RCC_GetHCLKFreq), (12 bytes).
    Removing py32f002b_hal_rcc.o(.ARM.exidx.text.HAL_RCC_GetHCLKFreq), (8 bytes).
    Removing py32f002b_hal_rcc.o(.text.HAL_RCC_GetPCLK1Freq), (40 bytes).
    Removing py32f002b_hal_rcc.o(.ARM.exidx.text.HAL_RCC_GetPCLK1Freq), (8 bytes).
    Removing py32f002b_hal_rcc.o(.text.HAL_RCC_GetOscConfig), (96 bytes).
    Removing py32f002b_hal_rcc.o(.ARM.exidx.text.HAL_RCC_GetOscConfig), (8 bytes).
    Removing py32f002b_hal_rcc.o(.text.HAL_RCC_GetClockConfig), (52 bytes).
    Removing py32f002b_hal_rcc.o(.ARM.exidx.text.HAL_RCC_GetClockConfig), (8 bytes).
    Removing py32f002b_hal_rcc.o(.text.HAL_RCC_EnableLSECSS), (16 bytes).
    Removing py32f002b_hal_rcc.o(.ARM.exidx.text.HAL_RCC_EnableLSECSS), (8 bytes).
    Removing py32f002b_hal_rcc.o(.text.HAL_RCC_DisableLSECSS), (16 bytes).
    Removing py32f002b_hal_rcc.o(.ARM.exidx.text.HAL_RCC_DisableLSECSS), (8 bytes).
    Removing py32f002b_hal_rcc.o(.text.HAL_RCC_NMI_IRQHandler), (28 bytes).
    Removing py32f002b_hal_rcc.o(.ARM.exidx.text.HAL_RCC_NMI_IRQHandler), (8 bytes).
    Removing py32f002b_hal_rcc.o(.text.HAL_RCC_LSECSSCallback), (2 bytes).
    Removing py32f002b_hal_rcc.o(.ARM.exidx.text.HAL_RCC_LSECSSCallback), (8 bytes).
    Removing py32f002b_hal_rcc.o(.text.HAL_RCC_CSSCallback), (2 bytes).
    Removing py32f002b_hal_rcc.o(.ARM.exidx.text.HAL_RCC_CSSCallback), (8 bytes).
    Removing py32f002b_hal_rcc.o(.rodata.cst32), (32 bytes).
    Removing py32f002b_hal_rcc_ex.o(.text), (0 bytes).
    Removing py32f002b_hal_rcc_ex.o(.text.HAL_RCCEx_PeriphCLKConfig), (124 bytes).
    Removing py32f002b_hal_rcc_ex.o(.ARM.exidx.text.HAL_RCCEx_PeriphCLKConfig), (8 bytes).
    Removing py32f002b_hal_rcc_ex.o(.text.HAL_RCCEx_GetPeriphCLKConfig), (48 bytes).
    Removing py32f002b_hal_rcc_ex.o(.ARM.exidx.text.HAL_RCCEx_GetPeriphCLKConfig), (8 bytes).
    Removing py32f002b_hal_rcc_ex.o(.text.HAL_RCCEx_GetPeriphCLKFreq), (140 bytes).
    Removing py32f002b_hal_rcc_ex.o(.ARM.exidx.text.HAL_RCCEx_GetPeriphCLKFreq), (8 bytes).
    Removing py32f002b_hal_rcc_ex.o(.text.HAL_RCCEx_EnableLSCO), (20 bytes).
    Removing py32f002b_hal_rcc_ex.o(.ARM.exidx.text.HAL_RCCEx_EnableLSCO), (8 bytes).
    Removing py32f002b_hal_rcc_ex.o(.text.HAL_RCCEx_DisableLSCO), (2 bytes).
    Removing py32f002b_hal_rcc_ex.o(.ARM.exidx.text.HAL_RCCEx_DisableLSCO), (8 bytes).
    Removing py32f002b_hal_gpio.o(.text), (0 bytes).
    Removing py32f002b_hal_gpio.o(.ARM.exidx.text.HAL_GPIO_Init), (8 bytes).
    Removing py32f002b_hal_gpio.o(.text.HAL_GPIO_DeInit), (244 bytes).
    Removing py32f002b_hal_gpio.o(.ARM.exidx.text.HAL_GPIO_DeInit), (8 bytes).
    Removing py32f002b_hal_gpio.o(.text.HAL_GPIO_ReadPin), (10 bytes).
    Removing py32f002b_hal_gpio.o(.ARM.exidx.text.HAL_GPIO_ReadPin), (8 bytes).
    Removing py32f002b_hal_gpio.o(.text.HAL_GPIO_WritePin), (16 bytes).
    Removing py32f002b_hal_gpio.o(.ARM.exidx.text.HAL_GPIO_WritePin), (8 bytes).
    Removing py32f002b_hal_gpio.o(.text.HAL_GPIO_TogglePin), (18 bytes).
    Removing py32f002b_hal_gpio.o(.ARM.exidx.text.HAL_GPIO_TogglePin), (8 bytes).
    Removing py32f002b_hal_gpio.o(.text.HAL_GPIO_LockPin), (40 bytes).
    Removing py32f002b_hal_gpio.o(.ARM.exidx.text.HAL_GPIO_LockPin), (8 bytes).
    Removing py32f002b_hal_gpio.o(.text.HAL_GPIO_EXTI_Callback), (2 bytes).
    Removing py32f002b_hal_gpio.o(.ARM.exidx.text.HAL_GPIO_EXTI_Callback), (8 bytes).
    Removing py32f002b_hal_gpio.o(.text.HAL_GPIO_EXTI_IRQHandler), (24 bytes).
    Removing py32f002b_hal_gpio.o(.ARM.exidx.text.HAL_GPIO_EXTI_IRQHandler), (8 bytes).
    Removing py32f002b_hal_pwr.o(.text), (0 bytes).
    Removing py32f002b_hal_pwr.o(.text.HAL_PWR_DeInit), (24 bytes).
    Removing py32f002b_hal_pwr.o(.ARM.exidx.text.HAL_PWR_DeInit), (8 bytes).
    Removing py32f002b_hal_pwr.o(.text.HAL_PWR_ConfigStopMode), (36 bytes).
    Removing py32f002b_hal_pwr.o(.ARM.exidx.text.HAL_PWR_ConfigStopMode), (8 bytes).
    Removing py32f002b_hal_pwr.o(.text.HAL_PWR_ConfigBIAS), (40 bytes).
    Removing py32f002b_hal_pwr.o(.ARM.exidx.text.HAL_PWR_ConfigBIAS), (8 bytes).
    Removing py32f002b_hal_pwr.o(.text.HAL_PWR_EnterSLEEPMode), (32 bytes).
    Removing py32f002b_hal_pwr.o(.ARM.exidx.text.HAL_PWR_EnterSLEEPMode), (8 bytes).
    Removing py32f002b_hal_pwr.o(.text.HAL_PWR_EnterSTOPMode), (56 bytes).
    Removing py32f002b_hal_pwr.o(.ARM.exidx.text.HAL_PWR_EnterSTOPMode), (8 bytes).
    Removing py32f002b_hal_pwr.o(.text.HAL_PWR_EnableSleepOnExit), (16 bytes).
    Removing py32f002b_hal_pwr.o(.ARM.exidx.text.HAL_PWR_EnableSleepOnExit), (8 bytes).
    Removing py32f002b_hal_pwr.o(.text.HAL_PWR_DisableSleepOnExit), (16 bytes).
    Removing py32f002b_hal_pwr.o(.ARM.exidx.text.HAL_PWR_DisableSleepOnExit), (8 bytes).
    Removing py32f002b_hal_pwr.o(.text.HAL_PWR_EnableSEVOnPend), (16 bytes).
    Removing py32f002b_hal_pwr.o(.ARM.exidx.text.HAL_PWR_EnableSEVOnPend), (8 bytes).
    Removing py32f002b_hal_pwr.o(.text.HAL_PWR_DisableSEVOnPend), (16 bytes).
    Removing py32f002b_hal_pwr.o(.ARM.exidx.text.HAL_PWR_DisableSEVOnPend), (8 bytes).
    Removing py32f002b_hal_uart.o(.text), (0 bytes).
    Removing py32f002b_hal_uart.o(.text.HAL_UART_Init), (138 bytes).
    Removing py32f002b_hal_uart.o(.ARM.exidx.text.HAL_UART_Init), (8 bytes).
    Removing py32f002b_hal_uart.o(.text.HAL_UART_MspInit), (2 bytes).
    Removing py32f002b_hal_uart.o(.ARM.exidx.text.HAL_UART_MspInit), (8 bytes).
    Removing py32f002b_hal_uart.o(.text.UART_SetConfig), (204 bytes).
    Removing py32f002b_hal_uart.o(.ARM.exidx.text.UART_SetConfig), (8 bytes).
    Removing py32f002b_hal_uart.o(.text.HAL_HalfDuplex_Init), (96 bytes).
    Removing py32f002b_hal_uart.o(.ARM.exidx.text.HAL_HalfDuplex_Init), (8 bytes).
    Removing py32f002b_hal_uart.o(.text.HAL_MultiProcessor_Init), (132 bytes).
    Removing py32f002b_hal_uart.o(.ARM.exidx.text.HAL_MultiProcessor_Init), (8 bytes).
    Removing py32f002b_hal_uart.o(.text.HAL_UART_DeInit), (48 bytes).
    Removing py32f002b_hal_uart.o(.ARM.exidx.text.HAL_UART_DeInit), (8 bytes).
    Removing py32f002b_hal_uart.o(.text.HAL_UART_MspDeInit), (2 bytes).
    Removing py32f002b_hal_uart.o(.ARM.exidx.text.HAL_UART_MspDeInit), (8 bytes).
    Removing py32f002b_hal_uart.o(.text.HAL_UART_Transmit), (312 bytes).
    Removing py32f002b_hal_uart.o(.ARM.exidx.text.HAL_UART_Transmit), (8 bytes).
    Removing py32f002b_hal_uart.o(.text.HAL_UART_Receive), (272 bytes).
    Removing py32f002b_hal_uart.o(.ARM.exidx.text.HAL_UART_Receive), (8 bytes).
    Removing py32f002b_hal_uart.o(.text.HAL_UART_Transmit_IT), (66 bytes).
    Removing py32f002b_hal_uart.o(.ARM.exidx.text.HAL_UART_Transmit_IT), (8 bytes).
    Removing py32f002b_hal_uart.o(.text.HAL_UART_Receive_IT), (98 bytes).
    Removing py32f002b_hal_uart.o(.ARM.exidx.text.HAL_UART_Receive_IT), (8 bytes).
    Removing py32f002b_hal_uart.o(.text.HAL_UART_Abort), (44 bytes).
    Removing py32f002b_hal_uart.o(.ARM.exidx.text.HAL_UART_Abort), (8 bytes).
    Removing py32f002b_hal_uart.o(.text.HAL_UART_AbortTransmit), (24 bytes).
    Removing py32f002b_hal_uart.o(.ARM.exidx.text.HAL_UART_AbortTransmit), (8 bytes).
    Removing py32f002b_hal_uart.o(.text.HAL_UART_AbortReceive), (34 bytes).
    Removing py32f002b_hal_uart.o(.ARM.exidx.text.HAL_UART_AbortReceive), (8 bytes).
    Removing py32f002b_hal_uart.o(.text.HAL_UART_Abort_IT), (50 bytes).
    Removing py32f002b_hal_uart.o(.ARM.exidx.text.HAL_UART_Abort_IT), (8 bytes).
    Removing py32f002b_hal_uart.o(.text.HAL_UART_AbortCpltCallback), (2 bytes).
    Removing py32f002b_hal_uart.o(.ARM.exidx.text.HAL_UART_AbortCpltCallback), (8 bytes).
    Removing py32f002b_hal_uart.o(.text.HAL_UART_AbortTransmit_IT), (30 bytes).
    Removing py32f002b_hal_uart.o(.ARM.exidx.text.HAL_UART_AbortTransmit_IT), (8 bytes).
    Removing py32f002b_hal_uart.o(.text.HAL_UART_AbortTransmitCpltCallback), (2 bytes).
    Removing py32f002b_hal_uart.o(.ARM.exidx.text.HAL_UART_AbortTransmitCpltCallback), (8 bytes).
    Removing py32f002b_hal_uart.o(.text.HAL_UART_AbortReceive_IT), (40 bytes).
    Removing py32f002b_hal_uart.o(.ARM.exidx.text.HAL_UART_AbortReceive_IT), (8 bytes).
    Removing py32f002b_hal_uart.o(.text.HAL_UART_AbortReceiveCpltCallback), (2 bytes).
    Removing py32f002b_hal_uart.o(.ARM.exidx.text.HAL_UART_AbortReceiveCpltCallback), (8 bytes).
    Removing py32f002b_hal_uart.o(.text.HAL_UART_IRQHandler), (652 bytes).
    Removing py32f002b_hal_uart.o(.ARM.exidx.text.HAL_UART_IRQHandler), (8 bytes).
    Removing py32f002b_hal_uart.o(.text.HAL_UART_ErrorCallback), (2 bytes).
    Removing py32f002b_hal_uart.o(.ARM.exidx.text.HAL_UART_ErrorCallback), (8 bytes).
    Removing py32f002b_hal_uart.o(.text.HAL_UART_IdleFrameDetectCpltCallback), (2 bytes).
    Removing py32f002b_hal_uart.o(.ARM.exidx.text.HAL_UART_IdleFrameDetectCpltCallback), (8 bytes).
    Removing py32f002b_hal_uart.o(.text.HAL_UART_TxCpltCallback), (2 bytes).
    Removing py32f002b_hal_uart.o(.ARM.exidx.text.HAL_UART_TxCpltCallback), (8 bytes).
    Removing py32f002b_hal_uart.o(.text.HAL_UART_TxHalfCpltCallback), (2 bytes).
    Removing py32f002b_hal_uart.o(.ARM.exidx.text.HAL_UART_TxHalfCpltCallback), (8 bytes).
    Removing py32f002b_hal_uart.o(.text.HAL_UART_RxCpltCallback), (2 bytes).
    Removing py32f002b_hal_uart.o(.ARM.exidx.text.HAL_UART_RxCpltCallback), (8 bytes).
    Removing py32f002b_hal_uart.o(.text.HAL_UART_RxHalfCpltCallback), (2 bytes).
    Removing py32f002b_hal_uart.o(.ARM.exidx.text.HAL_UART_RxHalfCpltCallback), (8 bytes).
    Removing py32f002b_hal_uart.o(.text.HAL_MultiProcessor_EnterMuteMode), (40 bytes).
    Removing py32f002b_hal_uart.o(.ARM.exidx.text.HAL_MultiProcessor_EnterMuteMode), (8 bytes).
    Removing py32f002b_hal_uart.o(.text.HAL_MultiProcessor_ExitMuteMode), (40 bytes).
    Removing py32f002b_hal_uart.o(.ARM.exidx.text.HAL_MultiProcessor_ExitMuteMode), (8 bytes).
    Removing py32f002b_hal_uart.o(.text.HAL_HalfDuplex_EnableTransmitter), (44 bytes).
    Removing py32f002b_hal_uart.o(.ARM.exidx.text.HAL_HalfDuplex_EnableTransmitter), (8 bytes).
    Removing py32f002b_hal_uart.o(.text.HAL_HalfDuplex_EnableReceiver), (44 bytes).
    Removing py32f002b_hal_uart.o(.ARM.exidx.text.HAL_HalfDuplex_EnableReceiver), (8 bytes).
    Removing py32f002b_hal_uart.o(.text.HAL_UART_GetState), (14 bytes).
    Removing py32f002b_hal_uart.o(.ARM.exidx.text.HAL_UART_GetState), (8 bytes).
    Removing py32f002b_hal_uart.o(.text.HAL_UART_GetError), (4 bytes).
    Removing py32f002b_hal_uart.o(.ARM.exidx.text.HAL_UART_GetError), (8 bytes).
    Removing py32f002b_hal_cortex.o(.text), (0 bytes).
    Removing py32f002b_hal_cortex.o(.ARM.exidx.text.HAL_NVIC_SetPriority), (8 bytes).
    Removing py32f002b_hal_cortex.o(.text.HAL_NVIC_EnableIRQ), (20 bytes).
    Removing py32f002b_hal_cortex.o(.ARM.exidx.text.HAL_NVIC_EnableIRQ), (8 bytes).
    Removing py32f002b_hal_cortex.o(.text.HAL_NVIC_DisableIRQ), (20 bytes).
    Removing py32f002b_hal_cortex.o(.ARM.exidx.text.HAL_NVIC_DisableIRQ), (8 bytes).
    Removing py32f002b_hal_cortex.o(.text.HAL_NVIC_SystemReset), (28 bytes).
    Removing py32f002b_hal_cortex.o(.ARM.exidx.text.HAL_NVIC_SystemReset), (8 bytes).
    Removing py32f002b_hal_cortex.o(.ARM.exidx.text.HAL_SYSTICK_Config), (8 bytes).
    Removing py32f002b_hal_cortex.o(.text.HAL_NVIC_GetPriority), (48 bytes).
    Removing py32f002b_hal_cortex.o(.ARM.exidx.text.HAL_NVIC_GetPriority), (8 bytes).
    Removing py32f002b_hal_cortex.o(.text.HAL_NVIC_SetPendingIRQ), (20 bytes).
    Removing py32f002b_hal_cortex.o(.ARM.exidx.text.HAL_NVIC_SetPendingIRQ), (8 bytes).
    Removing py32f002b_hal_cortex.o(.text.HAL_NVIC_GetPendingIRQ), (20 bytes).
    Removing py32f002b_hal_cortex.o(.ARM.exidx.text.HAL_NVIC_GetPendingIRQ), (8 bytes).
    Removing py32f002b_hal_cortex.o(.text.HAL_NVIC_ClearPendingIRQ), (20 bytes).
    Removing py32f002b_hal_cortex.o(.ARM.exidx.text.HAL_NVIC_ClearPendingIRQ), (8 bytes).
    Removing py32f002b_hal_cortex.o(.text.HAL_SYSTICK_CLKSourceConfig), (28 bytes).
    Removing py32f002b_hal_cortex.o(.ARM.exidx.text.HAL_SYSTICK_CLKSourceConfig), (8 bytes).
    Removing py32f002b_hal_cortex.o(.text.HAL_SYSTICK_IRQHandler), (8 bytes).
    Removing py32f002b_hal_cortex.o(.ARM.exidx.text.HAL_SYSTICK_IRQHandler), (8 bytes).
    Removing py32f002b_hal_cortex.o(.text.HAL_SYSTICK_Callback), (2 bytes).
    Removing py32f002b_hal_cortex.o(.ARM.exidx.text.HAL_SYSTICK_Callback), (8 bytes).
    Removing py32f002b_hal_exti.o(.text), (0 bytes).
    Removing py32f002b_hal_exti.o(.text.HAL_EXTI_SetConfigLine), (152 bytes).
    Removing py32f002b_hal_exti.o(.ARM.exidx.text.HAL_EXTI_SetConfigLine), (8 bytes).
    Removing py32f002b_hal_exti.o(.text.HAL_EXTI_GetConfigLine), (136 bytes).
    Removing py32f002b_hal_exti.o(.ARM.exidx.text.HAL_EXTI_GetConfigLine), (8 bytes).
    Removing py32f002b_hal_exti.o(.text.HAL_EXTI_ClearConfigLine), (96 bytes).
    Removing py32f002b_hal_exti.o(.ARM.exidx.text.HAL_EXTI_ClearConfigLine), (8 bytes).
    Removing py32f002b_hal_exti.o(.text.HAL_EXTI_RegisterCallback), (14 bytes).
    Removing py32f002b_hal_exti.o(.ARM.exidx.text.HAL_EXTI_RegisterCallback), (8 bytes).
    Removing py32f002b_hal_exti.o(.text.HAL_EXTI_GetHandle), (14 bytes).
    Removing py32f002b_hal_exti.o(.ARM.exidx.text.HAL_EXTI_GetHandle), (8 bytes).
    Removing py32f002b_hal_exti.o(.text.HAL_EXTI_IRQHandler), (36 bytes).
    Removing py32f002b_hal_exti.o(.ARM.exidx.text.HAL_EXTI_IRQHandler), (8 bytes).
    Removing py32f002b_hal_exti.o(.text.HAL_EXTI_GetPending), (24 bytes).
    Removing py32f002b_hal_exti.o(.ARM.exidx.text.HAL_EXTI_GetPending), (8 bytes).
    Removing py32f002b_hal_exti.o(.text.HAL_EXTI_ClearPending), (20 bytes).
    Removing py32f002b_hal_exti.o(.ARM.exidx.text.HAL_EXTI_ClearPending), (8 bytes).
    Removing py32f002b_hal_exti.o(.text.HAL_EXTI_GenerateSWI), (20 bytes).
    Removing py32f002b_hal_exti.o(.ARM.exidx.text.HAL_EXTI_GenerateSWI), (8 bytes).
    Removing py32f002b_hal_tim.o(.text), (0 bytes).
    Removing py32f002b_hal_tim.o(.ARM.exidx.text.HAL_TIM_Base_Init), (8 bytes).
    Removing py32f002b_hal_tim.o(.text.HAL_TIM_Base_MspInit), (2 bytes).
    Removing py32f002b_hal_tim.o(.ARM.exidx.text.HAL_TIM_Base_MspInit), (8 bytes).
    Removing py32f002b_hal_tim.o(.text.TIM_Base_SetConfig), (92 bytes).
    Removing py32f002b_hal_tim.o(.ARM.exidx.text.TIM_Base_SetConfig), (8 bytes).
    Removing py32f002b_hal_tim.o(.text.HAL_TIM_Base_DeInit), (56 bytes).
    Removing py32f002b_hal_tim.o(.ARM.exidx.text.HAL_TIM_Base_DeInit), (8 bytes).
    Removing py32f002b_hal_tim.o(.text.HAL_TIM_Base_MspDeInit), (2 bytes).
    Removing py32f002b_hal_tim.o(.ARM.exidx.text.HAL_TIM_Base_MspDeInit), (8 bytes).
    Removing py32f002b_hal_tim.o(.text.HAL_TIM_Base_Start), (32 bytes).
    Removing py32f002b_hal_tim.o(.ARM.exidx.text.HAL_TIM_Base_Start), (8 bytes).
    Removing py32f002b_hal_tim.o(.text.HAL_TIM_Base_Stop), (48 bytes).
    Removing py32f002b_hal_tim.o(.ARM.exidx.text.HAL_TIM_Base_Stop), (8 bytes).
    Removing py32f002b_hal_tim.o(.text.HAL_TIM_Base_Start_IT), (30 bytes).
    Removing py32f002b_hal_tim.o(.ARM.exidx.text.HAL_TIM_Base_Start_IT), (8 bytes).
    Removing py32f002b_hal_tim.o(.text.HAL_TIM_Base_Stop_IT), (48 bytes).
    Removing py32f002b_hal_tim.o(.ARM.exidx.text.HAL_TIM_Base_Stop_IT), (8 bytes).
    Removing py32f002b_hal_tim.o(.text.HAL_TIM_OC_Init), (128 bytes).
    Removing py32f002b_hal_tim.o(.ARM.exidx.text.HAL_TIM_OC_Init), (8 bytes).
    Removing py32f002b_hal_tim.o(.text.HAL_TIM_OC_MspInit), (2 bytes).
    Removing py32f002b_hal_tim.o(.ARM.exidx.text.HAL_TIM_OC_MspInit), (8 bytes).
    Removing py32f002b_hal_tim.o(.text.HAL_TIM_OC_DeInit), (56 bytes).
    Removing py32f002b_hal_tim.o(.ARM.exidx.text.HAL_TIM_OC_DeInit), (8 bytes).
    Removing py32f002b_hal_tim.o(.text.HAL_TIM_OC_MspDeInit), (2 bytes).
    Removing py32f002b_hal_tim.o(.ARM.exidx.text.HAL_TIM_OC_MspDeInit), (8 bytes).
    Removing py32f002b_hal_tim.o(.text.HAL_TIM_OC_Start), (72 bytes).
    Removing py32f002b_hal_tim.o(.ARM.exidx.text.HAL_TIM_OC_Start), (8 bytes).
    Removing py32f002b_hal_tim.o(.text.TIM_CCxChannelCmd), (26 bytes).
    Removing py32f002b_hal_tim.o(.ARM.exidx.text.TIM_CCxChannelCmd), (8 bytes).
    Removing py32f002b_hal_tim.o(.text.HAL_TIM_OC_Stop), (104 bytes).
    Removing py32f002b_hal_tim.o(.ARM.exidx.text.HAL_TIM_OC_Stop), (8 bytes).
    Removing py32f002b_hal_tim.o(.text.HAL_TIM_OC_Start_IT), (104 bytes).
    Removing py32f002b_hal_tim.o(.ARM.exidx.text.HAL_TIM_OC_Start_IT), (8 bytes).
    Removing py32f002b_hal_tim.o(.text.HAL_TIM_OC_Stop_IT), (132 bytes).
    Removing py32f002b_hal_tim.o(.ARM.exidx.text.HAL_TIM_OC_Stop_IT), (8 bytes).
    Removing py32f002b_hal_tim.o(.text.HAL_TIM_PWM_Init), (128 bytes).
    Removing py32f002b_hal_tim.o(.ARM.exidx.text.HAL_TIM_PWM_Init), (8 bytes).
    Removing py32f002b_hal_tim.o(.text.HAL_TIM_PWM_MspInit), (2 bytes).
    Removing py32f002b_hal_tim.o(.ARM.exidx.text.HAL_TIM_PWM_MspInit), (8 bytes).
    Removing py32f002b_hal_tim.o(.text.HAL_TIM_PWM_DeInit), (56 bytes).
    Removing py32f002b_hal_tim.o(.ARM.exidx.text.HAL_TIM_PWM_DeInit), (8 bytes).
    Removing py32f002b_hal_tim.o(.text.HAL_TIM_PWM_MspDeInit), (2 bytes).
    Removing py32f002b_hal_tim.o(.ARM.exidx.text.HAL_TIM_PWM_MspDeInit), (8 bytes).
    Removing py32f002b_hal_tim.o(.ARM.exidx.text.HAL_TIM_PWM_Start), (8 bytes).
    Removing py32f002b_hal_tim.o(.text.HAL_TIM_PWM_Stop), (104 bytes).
    Removing py32f002b_hal_tim.o(.ARM.exidx.text.HAL_TIM_PWM_Stop), (8 bytes).
    Removing py32f002b_hal_tim.o(.text.HAL_TIM_PWM_Start_IT), (104 bytes).
    Removing py32f002b_hal_tim.o(.ARM.exidx.text.HAL_TIM_PWM_Start_IT), (8 bytes).
    Removing py32f002b_hal_tim.o(.text.HAL_TIM_PWM_Stop_IT), (132 bytes).
    Removing py32f002b_hal_tim.o(.ARM.exidx.text.HAL_TIM_PWM_Stop_IT), (8 bytes).
    Removing py32f002b_hal_tim.o(.text.HAL_TIM_IC_Init), (128 bytes).
    Removing py32f002b_hal_tim.o(.ARM.exidx.text.HAL_TIM_IC_Init), (8 bytes).
    Removing py32f002b_hal_tim.o(.text.HAL_TIM_IC_MspInit), (2 bytes).
    Removing py32f002b_hal_tim.o(.ARM.exidx.text.HAL_TIM_IC_MspInit), (8 bytes).
    Removing py32f002b_hal_tim.o(.text.HAL_TIM_IC_DeInit), (56 bytes).
    Removing py32f002b_hal_tim.o(.ARM.exidx.text.HAL_TIM_IC_DeInit), (8 bytes).
    Removing py32f002b_hal_tim.o(.text.HAL_TIM_IC_MspDeInit), (2 bytes).
    Removing py32f002b_hal_tim.o(.ARM.exidx.text.HAL_TIM_IC_MspDeInit), (8 bytes).
    Removing py32f002b_hal_tim.o(.text.HAL_TIM_IC_Start), (44 bytes).
    Removing py32f002b_hal_tim.o(.ARM.exidx.text.HAL_TIM_IC_Start), (8 bytes).
    Removing py32f002b_hal_tim.o(.text.HAL_TIM_IC_Stop), (60 bytes).
    Removing py32f002b_hal_tim.o(.ARM.exidx.text.HAL_TIM_IC_Stop), (8 bytes).
    Removing py32f002b_hal_tim.o(.text.HAL_TIM_IC_Start_IT), (76 bytes).
    Removing py32f002b_hal_tim.o(.ARM.exidx.text.HAL_TIM_IC_Start_IT), (8 bytes).
    Removing py32f002b_hal_tim.o(.text.HAL_TIM_IC_Stop_IT), (92 bytes).
    Removing py32f002b_hal_tim.o(.ARM.exidx.text.HAL_TIM_IC_Stop_IT), (8 bytes).
    Removing py32f002b_hal_tim.o(.text.HAL_TIM_OnePulse_Init), (144 bytes).
    Removing py32f002b_hal_tim.o(.ARM.exidx.text.HAL_TIM_OnePulse_Init), (8 bytes).
    Removing py32f002b_hal_tim.o(.text.HAL_TIM_OnePulse_MspInit), (2 bytes).
    Removing py32f002b_hal_tim.o(.ARM.exidx.text.HAL_TIM_OnePulse_MspInit), (8 bytes).
    Removing py32f002b_hal_tim.o(.text.HAL_TIM_OnePulse_DeInit), (56 bytes).
    Removing py32f002b_hal_tim.o(.ARM.exidx.text.HAL_TIM_OnePulse_DeInit), (8 bytes).
    Removing py32f002b_hal_tim.o(.text.HAL_TIM_OnePulse_MspDeInit), (2 bytes).
    Removing py32f002b_hal_tim.o(.ARM.exidx.text.HAL_TIM_OnePulse_MspDeInit), (8 bytes).
    Removing py32f002b_hal_tim.o(.text.HAL_TIM_OnePulse_Start), (64 bytes).
    Removing py32f002b_hal_tim.o(.ARM.exidx.text.HAL_TIM_OnePulse_Start), (8 bytes).
    Removing py32f002b_hal_tim.o(.text.HAL_TIM_OnePulse_Stop), (108 bytes).
    Removing py32f002b_hal_tim.o(.ARM.exidx.text.HAL_TIM_OnePulse_Stop), (8 bytes).
    Removing py32f002b_hal_tim.o(.text.HAL_TIM_OnePulse_Start_IT), (80 bytes).
    Removing py32f002b_hal_tim.o(.ARM.exidx.text.HAL_TIM_OnePulse_Start_IT), (8 bytes).
    Removing py32f002b_hal_tim.o(.text.HAL_TIM_OnePulse_Stop_IT), (124 bytes).
    Removing py32f002b_hal_tim.o(.ARM.exidx.text.HAL_TIM_OnePulse_Stop_IT), (8 bytes).
    Removing py32f002b_hal_tim.o(.text.HAL_TIM_Encoder_Init), (228 bytes).
    Removing py32f002b_hal_tim.o(.ARM.exidx.text.HAL_TIM_Encoder_Init), (8 bytes).
    Removing py32f002b_hal_tim.o(.text.HAL_TIM_Encoder_MspInit), (2 bytes).
    Removing py32f002b_hal_tim.o(.ARM.exidx.text.HAL_TIM_Encoder_MspInit), (8 bytes).
    Removing py32f002b_hal_tim.o(.text.HAL_TIM_Encoder_DeInit), (56 bytes).
    Removing py32f002b_hal_tim.o(.ARM.exidx.text.HAL_TIM_Encoder_DeInit), (8 bytes).
    Removing py32f002b_hal_tim.o(.text.HAL_TIM_Encoder_MspDeInit), (2 bytes).
    Removing py32f002b_hal_tim.o(.ARM.exidx.text.HAL_TIM_Encoder_MspDeInit), (8 bytes).
    Removing py32f002b_hal_tim.o(.text.HAL_TIM_Encoder_Start), (56 bytes).
    Removing py32f002b_hal_tim.o(.ARM.exidx.text.HAL_TIM_Encoder_Start), (8 bytes).
    Removing py32f002b_hal_tim.o(.text.HAL_TIM_Encoder_Stop), (80 bytes).
    Removing py32f002b_hal_tim.o(.ARM.exidx.text.HAL_TIM_Encoder_Stop), (8 bytes).
    Removing py32f002b_hal_tim.o(.text.HAL_TIM_Encoder_Start_IT), (102 bytes).
    Removing py32f002b_hal_tim.o(.ARM.exidx.text.HAL_TIM_Encoder_Start_IT), (8 bytes).
    Removing py32f002b_hal_tim.o(.text.HAL_TIM_Encoder_Stop_IT), (124 bytes).
    Removing py32f002b_hal_tim.o(.ARM.exidx.text.HAL_TIM_Encoder_Stop_IT), (8 bytes).
    Removing py32f002b_hal_tim.o(.ARM.exidx.text.HAL_TIM_IRQHandler), (8 bytes).
    Removing py32f002b_hal_tim.o(.ARM.exidx.text.HAL_TIM_IC_CaptureCallback), (8 bytes).
    Removing py32f002b_hal_tim.o(.ARM.exidx.text.HAL_TIM_OC_DelayElapsedCallback), (8 bytes).
    Removing py32f002b_hal_tim.o(.ARM.exidx.text.HAL_TIM_PWM_PulseFinishedCallback), (8 bytes).
    Removing py32f002b_hal_tim.o(.ARM.exidx.text.HAL_TIM_PeriodElapsedCallback), (8 bytes).
    Removing py32f002b_hal_tim.o(.ARM.exidx.text.HAL_TIM_TriggerCallback), (8 bytes).
    Removing py32f002b_hal_tim.o(.text.HAL_TIM_OC_ConfigChannel), (512 bytes).
    Removing py32f002b_hal_tim.o(.ARM.exidx.text.HAL_TIM_OC_ConfigChannel), (8 bytes).
    Removing py32f002b_hal_tim.o(.text.TIM_OC2_SetConfig), (124 bytes).
    Removing py32f002b_hal_tim.o(.ARM.exidx.text.TIM_OC2_SetConfig), (8 bytes).
    Removing py32f002b_hal_tim.o(.text.HAL_TIM_IC_ConfigChannel), (344 bytes).
    Removing py32f002b_hal_tim.o(.ARM.exidx.text.HAL_TIM_IC_ConfigChannel), (8 bytes).
    Removing py32f002b_hal_tim.o(.text.TIM_TI1_SetConfig), (60 bytes).
    Removing py32f002b_hal_tim.o(.ARM.exidx.text.TIM_TI1_SetConfig), (8 bytes).
    Removing py32f002b_hal_tim.o(.ARM.exidx.text.HAL_TIM_PWM_ConfigChannel), (8 bytes).
    Removing py32f002b_hal_tim.o(.text.HAL_TIM_OnePulse_ConfigChannel), (476 bytes).
    Removing py32f002b_hal_tim.o(.ARM.exidx.text.HAL_TIM_OnePulse_ConfigChannel), (8 bytes).
    Removing py32f002b_hal_tim.o(.text.HAL_TIM_GenerateEvent), (30 bytes).
    Removing py32f002b_hal_tim.o(.ARM.exidx.text.HAL_TIM_GenerateEvent), (8 bytes).
    Removing py32f002b_hal_tim.o(.text.HAL_TIM_ConfigOCrefClear), (236 bytes).
    Removing py32f002b_hal_tim.o(.ARM.exidx.text.HAL_TIM_ConfigOCrefClear), (8 bytes).
    Removing py32f002b_hal_tim.o(.text.TIM_ETR_SetConfig), (22 bytes).
    Removing py32f002b_hal_tim.o(.ARM.exidx.text.TIM_ETR_SetConfig), (8 bytes).
    Removing py32f002b_hal_tim.o(.text.HAL_TIM_ConfigClockSource), (304 bytes).
    Removing py32f002b_hal_tim.o(.ARM.exidx.text.HAL_TIM_ConfigClockSource), (8 bytes).
    Removing py32f002b_hal_tim.o(.text.HAL_TIM_ConfigTI1Input), (16 bytes).
    Removing py32f002b_hal_tim.o(.ARM.exidx.text.HAL_TIM_ConfigTI1Input), (8 bytes).
    Removing py32f002b_hal_tim.o(.text.HAL_TIM_SlaveConfigSynchro), (54 bytes).
    Removing py32f002b_hal_tim.o(.ARM.exidx.text.HAL_TIM_SlaveConfigSynchro), (8 bytes).
    Removing py32f002b_hal_tim.o(.text.TIM_SlaveTimer_SetConfig), (188 bytes).
    Removing py32f002b_hal_tim.o(.ARM.exidx.text.TIM_SlaveTimer_SetConfig), (8 bytes).
    Removing py32f002b_hal_tim.o(.text.HAL_TIM_SlaveConfigSynchro_IT), (54 bytes).
    Removing py32f002b_hal_tim.o(.ARM.exidx.text.HAL_TIM_SlaveConfigSynchro_IT), (8 bytes).
    Removing py32f002b_hal_tim.o(.text.HAL_TIM_ReadCapturedValue), (22 bytes).
    Removing py32f002b_hal_tim.o(.ARM.exidx.text.HAL_TIM_ReadCapturedValue), (8 bytes).
    Removing py32f002b_hal_tim.o(.text.HAL_TIM_PeriodElapsedHalfCpltCallback), (2 bytes).
    Removing py32f002b_hal_tim.o(.ARM.exidx.text.HAL_TIM_PeriodElapsedHalfCpltCallback), (8 bytes).
    Removing py32f002b_hal_tim.o(.text.HAL_TIM_IC_CaptureHalfCpltCallback), (2 bytes).
    Removing py32f002b_hal_tim.o(.ARM.exidx.text.HAL_TIM_IC_CaptureHalfCpltCallback), (8 bytes).
    Removing py32f002b_hal_tim.o(.text.HAL_TIM_PWM_PulseFinishedHalfCpltCallback), (2 bytes).
    Removing py32f002b_hal_tim.o(.ARM.exidx.text.HAL_TIM_PWM_PulseFinishedHalfCpltCallback), (8 bytes).
    Removing py32f002b_hal_tim.o(.text.HAL_TIM_TriggerHalfCpltCallback), (2 bytes).
    Removing py32f002b_hal_tim.o(.ARM.exidx.text.HAL_TIM_TriggerHalfCpltCallback), (8 bytes).
    Removing py32f002b_hal_tim.o(.text.HAL_TIM_ErrorCallback), (2 bytes).
    Removing py32f002b_hal_tim.o(.ARM.exidx.text.HAL_TIM_ErrorCallback), (8 bytes).
    Removing py32f002b_hal_tim.o(.text.HAL_TIM_Base_GetState), (4 bytes).
    Removing py32f002b_hal_tim.o(.ARM.exidx.text.HAL_TIM_Base_GetState), (8 bytes).
    Removing py32f002b_hal_tim.o(.text.HAL_TIM_OC_GetState), (4 bytes).
    Removing py32f002b_hal_tim.o(.ARM.exidx.text.HAL_TIM_OC_GetState), (8 bytes).
    Removing py32f002b_hal_tim.o(.text.HAL_TIM_PWM_GetState), (4 bytes).
    Removing py32f002b_hal_tim.o(.ARM.exidx.text.HAL_TIM_PWM_GetState), (8 bytes).
    Removing py32f002b_hal_tim.o(.text.HAL_TIM_IC_GetState), (4 bytes).
    Removing py32f002b_hal_tim.o(.ARM.exidx.text.HAL_TIM_IC_GetState), (8 bytes).
    Removing py32f002b_hal_tim.o(.text.HAL_TIM_OnePulse_GetState), (4 bytes).
    Removing py32f002b_hal_tim.o(.ARM.exidx.text.HAL_TIM_OnePulse_GetState), (8 bytes).
    Removing py32f002b_hal_tim.o(.text.HAL_TIM_Encoder_GetState), (4 bytes).
    Removing py32f002b_hal_tim.o(.ARM.exidx.text.HAL_TIM_Encoder_GetState), (8 bytes).
    Removing py32f002b_hal_tim.o(.rodata.cst16), (32 bytes).
    Removing py32f002b_hal_tim_ex.o(.text), (0 bytes).
    Removing py32f002b_hal_tim_ex.o(.text.HAL_TIMEx_HallSensor_Init), (166 bytes).
    Removing py32f002b_hal_tim_ex.o(.ARM.exidx.text.HAL_TIMEx_HallSensor_Init), (8 bytes).
    Removing py32f002b_hal_tim_ex.o(.text.HAL_TIMEx_HallSensor_MspInit), (2 bytes).
    Removing py32f002b_hal_tim_ex.o(.ARM.exidx.text.HAL_TIMEx_HallSensor_MspInit), (8 bytes).
    Removing py32f002b_hal_tim_ex.o(.text.HAL_TIMEx_HallSensor_DeInit), (56 bytes).
    Removing py32f002b_hal_tim_ex.o(.ARM.exidx.text.HAL_TIMEx_HallSensor_DeInit), (8 bytes).
    Removing py32f002b_hal_tim_ex.o(.text.HAL_TIMEx_HallSensor_MspDeInit), (2 bytes).
    Removing py32f002b_hal_tim_ex.o(.ARM.exidx.text.HAL_TIMEx_HallSensor_MspDeInit), (8 bytes).
    Removing py32f002b_hal_tim_ex.o(.text.HAL_TIMEx_HallSensor_Start), (38 bytes).
    Removing py32f002b_hal_tim_ex.o(.ARM.exidx.text.HAL_TIMEx_HallSensor_Start), (8 bytes).
    Removing py32f002b_hal_tim_ex.o(.text.HAL_TIMEx_HallSensor_Stop), (56 bytes).
    Removing py32f002b_hal_tim_ex.o(.ARM.exidx.text.HAL_TIMEx_HallSensor_Stop), (8 bytes).
    Removing py32f002b_hal_tim_ex.o(.text.HAL_TIMEx_HallSensor_Start_IT), (46 bytes).
    Removing py32f002b_hal_tim_ex.o(.ARM.exidx.text.HAL_TIMEx_HallSensor_Start_IT), (8 bytes).
    Removing py32f002b_hal_tim_ex.o(.text.HAL_TIMEx_HallSensor_Stop_IT), (64 bytes).
    Removing py32f002b_hal_tim_ex.o(.ARM.exidx.text.HAL_TIMEx_HallSensor_Stop_IT), (8 bytes).
    Removing py32f002b_hal_tim_ex.o(.text.HAL_TIMEx_OCN_Start), (52 bytes).
    Removing py32f002b_hal_tim_ex.o(.ARM.exidx.text.HAL_TIMEx_OCN_Start), (8 bytes).
    Removing py32f002b_hal_tim_ex.o(.text.HAL_TIMEx_OCN_Stop), (84 bytes).
    Removing py32f002b_hal_tim_ex.o(.ARM.exidx.text.HAL_TIMEx_OCN_Stop), (8 bytes).
    Removing py32f002b_hal_tim_ex.o(.text.HAL_TIMEx_OCN_Start_IT), (92 bytes).
    Removing py32f002b_hal_tim_ex.o(.ARM.exidx.text.HAL_TIMEx_OCN_Start_IT), (8 bytes).
    Removing py32f002b_hal_tim_ex.o(.text.HAL_TIMEx_OCN_Stop_IT), (128 bytes).
    Removing py32f002b_hal_tim_ex.o(.ARM.exidx.text.HAL_TIMEx_OCN_Stop_IT), (8 bytes).
    Removing py32f002b_hal_tim_ex.o(.text.HAL_TIMEx_PWMN_Start), (52 bytes).
    Removing py32f002b_hal_tim_ex.o(.ARM.exidx.text.HAL_TIMEx_PWMN_Start), (8 bytes).
    Removing py32f002b_hal_tim_ex.o(.text.HAL_TIMEx_PWMN_Stop), (84 bytes).
    Removing py32f002b_hal_tim_ex.o(.ARM.exidx.text.HAL_TIMEx_PWMN_Stop), (8 bytes).
    Removing py32f002b_hal_tim_ex.o(.text.HAL_TIMEx_PWMN_Start_IT), (92 bytes).
    Removing py32f002b_hal_tim_ex.o(.ARM.exidx.text.HAL_TIMEx_PWMN_Start_IT), (8 bytes).
    Removing py32f002b_hal_tim_ex.o(.text.HAL_TIMEx_PWMN_Stop_IT), (128 bytes).
    Removing py32f002b_hal_tim_ex.o(.ARM.exidx.text.HAL_TIMEx_PWMN_Stop_IT), (8 bytes).
    Removing py32f002b_hal_tim_ex.o(.text.HAL_TIMEx_OnePulseN_Start), (36 bytes).
    Removing py32f002b_hal_tim_ex.o(.ARM.exidx.text.HAL_TIMEx_OnePulseN_Start), (8 bytes).
    Removing py32f002b_hal_tim_ex.o(.text.HAL_TIMEx_OnePulseN_Stop), (84 bytes).
    Removing py32f002b_hal_tim_ex.o(.ARM.exidx.text.HAL_TIMEx_OnePulseN_Stop), (8 bytes).
    Removing py32f002b_hal_tim_ex.o(.text.HAL_TIMEx_OnePulseN_Start_IT), (50 bytes).
    Removing py32f002b_hal_tim_ex.o(.ARM.exidx.text.HAL_TIMEx_OnePulseN_Start_IT), (8 bytes).
    Removing py32f002b_hal_tim_ex.o(.text.HAL_TIMEx_OnePulseN_Stop_IT), (100 bytes).
    Removing py32f002b_hal_tim_ex.o(.ARM.exidx.text.HAL_TIMEx_OnePulseN_Stop_IT), (8 bytes).
    Removing py32f002b_hal_tim_ex.o(.text.HAL_TIMEx_ConfigCommutEvent), (78 bytes).
    Removing py32f002b_hal_tim_ex.o(.ARM.exidx.text.HAL_TIMEx_ConfigCommutEvent), (8 bytes).
    Removing py32f002b_hal_tim_ex.o(.text.HAL_TIMEx_ConfigCommutEvent_IT), (78 bytes).
    Removing py32f002b_hal_tim_ex.o(.ARM.exidx.text.HAL_TIMEx_ConfigCommutEvent_IT), (8 bytes).
    Removing py32f002b_hal_tim_ex.o(.text.HAL_TIMEx_MasterConfigSynchronization), (68 bytes).
    Removing py32f002b_hal_tim_ex.o(.ARM.exidx.text.HAL_TIMEx_MasterConfigSynchronization), (8 bytes).
    Removing py32f002b_hal_tim_ex.o(.text.HAL_TIMEx_ConfigBreakDeadTime), (84 bytes).
    Removing py32f002b_hal_tim_ex.o(.ARM.exidx.text.HAL_TIMEx_ConfigBreakDeadTime), (8 bytes).
    Removing py32f002b_hal_tim_ex.o(.text.HAL_TIMEx_RemapConfig), (22 bytes).
    Removing py32f002b_hal_tim_ex.o(.ARM.exidx.text.HAL_TIMEx_RemapConfig), (8 bytes).
    Removing py32f002b_hal_tim_ex.o(.ARM.exidx.text.HAL_TIMEx_CommutCallback), (8 bytes).
    Removing py32f002b_hal_tim_ex.o(.text.HAL_TIMEx_CommutHalfCpltCallback), (2 bytes).
    Removing py32f002b_hal_tim_ex.o(.ARM.exidx.text.HAL_TIMEx_CommutHalfCpltCallback), (8 bytes).
    Removing py32f002b_hal_tim_ex.o(.ARM.exidx.text.HAL_TIMEx_BreakCallback), (8 bytes).
    Removing py32f002b_hal_tim_ex.o(.text.HAL_TIMEx_HallSensor_GetState), (4 bytes).
    Removing py32f002b_hal_tim_ex.o(.ARM.exidx.text.HAL_TIMEx_HallSensor_GetState), (8 bytes).
    Removing py32f002b_hal_adc.o(.text), (0 bytes).
    Removing py32f002b_hal_adc.o(.ARM.exidx.text.HAL_ADC_Init), (8 bytes).
    Removing py32f002b_hal_adc.o(.ARM.exidx.text.HAL_ADC_MspInit), (8 bytes).
    Removing py32f002b_hal_adc.o(.text.HAL_ADC_DeInit), (320 bytes).
    Removing py32f002b_hal_adc.o(.ARM.exidx.text.HAL_ADC_DeInit), (8 bytes).
    Removing py32f002b_hal_adc.o(.text.HAL_ADC_MspDeInit), (2 bytes).
    Removing py32f002b_hal_adc.o(.ARM.exidx.text.HAL_ADC_MspDeInit), (8 bytes).
    Removing py32f002b_hal_adc.o(.ARM.exidx.text.HAL_ADC_Start), (8 bytes).
    Removing py32f002b_hal_adc.o(.text.HAL_ADC_Stop), (224 bytes).
    Removing py32f002b_hal_adc.o(.ARM.exidx.text.HAL_ADC_Stop), (8 bytes).
    Removing py32f002b_hal_adc.o(.ARM.exidx.text.HAL_ADC_PollForConversion), (8 bytes).
    Removing py32f002b_hal_adc.o(.text.HAL_ADC_PollForEvent), (136 bytes).
    Removing py32f002b_hal_adc.o(.ARM.exidx.text.HAL_ADC_PollForEvent), (8 bytes).
    Removing py32f002b_hal_adc.o(.text.HAL_ADC_Start_IT), (208 bytes).
    Removing py32f002b_hal_adc.o(.ARM.exidx.text.HAL_ADC_Start_IT), (8 bytes).
    Removing py32f002b_hal_adc.o(.text.HAL_ADC_Stop_IT), (232 bytes).
    Removing py32f002b_hal_adc.o(.ARM.exidx.text.HAL_ADC_Stop_IT), (8 bytes).
    Removing py32f002b_hal_adc.o(.ARM.exidx.text.HAL_ADC_GetValue), (8 bytes).
    Removing py32f002b_hal_adc.o(.text.HAL_ADC_IRQHandler), (208 bytes).
    Removing py32f002b_hal_adc.o(.ARM.exidx.text.HAL_ADC_IRQHandler), (8 bytes).
    Removing py32f002b_hal_adc.o(.text.HAL_ADC_ConvCpltCallback), (2 bytes).
    Removing py32f002b_hal_adc.o(.ARM.exidx.text.HAL_ADC_ConvCpltCallback), (8 bytes).
    Removing py32f002b_hal_adc.o(.text.HAL_ADC_LevelOutOfWindowCallback), (2 bytes).
    Removing py32f002b_hal_adc.o(.ARM.exidx.text.HAL_ADC_LevelOutOfWindowCallback), (8 bytes).
    Removing py32f002b_hal_adc.o(.text.HAL_ADC_ErrorCallback), (2 bytes).
    Removing py32f002b_hal_adc.o(.ARM.exidx.text.HAL_ADC_ErrorCallback), (8 bytes).
    Removing py32f002b_hal_adc.o(.text.HAL_ADC_ConvHalfCpltCallback), (2 bytes).
    Removing py32f002b_hal_adc.o(.ARM.exidx.text.HAL_ADC_ConvHalfCpltCallback), (8 bytes).
    Removing py32f002b_hal_adc.o(.ARM.exidx.text.HAL_ADC_ConfigChannel), (8 bytes).
    Removing py32f002b_hal_adc.o(.text.HAL_ADC_ConfigVrefBuf), (60 bytes).
    Removing py32f002b_hal_adc.o(.ARM.exidx.text.HAL_ADC_ConfigVrefBuf), (8 bytes).
    Removing py32f002b_hal_adc.o(.text.HAL_ADC_AnalogWDGConfig), (144 bytes).
    Removing py32f002b_hal_adc.o(.ARM.exidx.text.HAL_ADC_AnalogWDGConfig), (8 bytes).
    Removing py32f002b_hal_adc.o(.text.HAL_ADC_GetState), (4 bytes).
    Removing py32f002b_hal_adc.o(.ARM.exidx.text.HAL_ADC_GetState), (8 bytes).
    Removing py32f002b_hal_adc.o(.text.HAL_ADC_GetError), (4 bytes).
    Removing py32f002b_hal_adc.o(.ARM.exidx.text.HAL_ADC_GetError), (8 bytes).
    Removing py32f002b_hal_adc.o(.ARM.exidx.text.HAL_ADC_Calibration_Start), (8 bytes).
    Removing py32f002b_hal_adc.o(.text.HAL_ADC_Calibration_SetAndStart), (140 bytes).
    Removing py32f002b_hal_adc.o(.ARM.exidx.text.HAL_ADC_Calibration_SetAndStart), (8 bytes).
    Removing py32f002b_hal_adc.o(.text.HAL_ADC_Calibration_GetStatus), (72 bytes).
    Removing py32f002b_hal_adc.o(.ARM.exidx.text.HAL_ADC_Calibration_GetStatus), (8 bytes).

522 unused section(s) (total 18184 bytes) removed from the image.

==============================================================================

Image Symbol Table

    Local Symbols

    Symbol Name                              Value     Ov Type        Size  Object(Section)

    ../clib/division.s                       0x00000000   Number         0  aeabi_sdivfast.o ABSOLUTE
    ../clib/division.s                       0x00000000   Number         0  aeabi_sdivfast_div0.o ABSOLUTE
    ../clib/microlib/division.c              0x00000000   Number         0  uidiv.o ABSOLUTE
    ../clib/microlib/division.c              0x00000000   Number         0  idiv.o ABSOLUTE
    ../clib/microlib/division.c              0x00000000   Number         0  uidiv_div0.o ABSOLUTE
    ../clib/microlib/division.c              0x00000000   Number         0  idiv_div0.o ABSOLUTE
    ../clib/microlib/division.c              0x00000000   Number         0  idiv0.o ABSOLUTE
    ../clib/microlib/init/entry.s            0x00000000   Number         0  entry.o ABSOLUTE
    ../clib/microlib/init/entry.s            0x00000000   Number         0  entry2.o ABSOLUTE
    ../clib/microlib/init/entry.s            0x00000000   Number         0  entry5.o ABSOLUTE
    ../clib/microlib/init/entry.s            0x00000000   Number         0  entry7a.o ABSOLUTE
    ../clib/microlib/init/entry.s            0x00000000   Number         0  entry7b.o ABSOLUTE
    ../clib/microlib/init/entry.s            0x00000000   Number         0  entry8a.o ABSOLUTE
    ../clib/microlib/init/entry.s            0x00000000   Number         0  entry8b.o ABSOLUTE
    ../clib/microlib/init/entry.s            0x00000000   Number         0  entry9a.o ABSOLUTE
    ../clib/microlib/init/entry.s            0x00000000   Number         0  entry9b.o ABSOLUTE
    ../clib/microlib/init/entry.s            0x00000000   Number         0  entry10a.o ABSOLUTE
    ../clib/microlib/init/entry.s            0x00000000   Number         0  entry10b.o ABSOLUTE
    ../clib/microlib/init/entry.s            0x00000000   Number         0  entry11a.o ABSOLUTE
    ../clib/microlib/init/entry.s            0x00000000   Number         0  entry11b.o ABSOLUTE
    dc.s                                     0x00000000   Number         0  dc.o ABSOLUTE
    handlers.s                               0x00000000   Number         0  handlers.o ABSOLUTE
    init.s                                   0x00000000   Number         0  init.o ABSOLUTE
    main.c                                   0x00000000   Number         0  main.o ABSOLUTE
    py32f002b_hal.c                          0x00000000   Number         0  py32f002b_hal.o ABSOLUTE
    py32f002b_hal_adc.c                      0x00000000   Number         0  py32f002b_hal_adc.o ABSOLUTE
    py32f002b_hal_cortex.c                   0x00000000   Number         0  py32f002b_hal_cortex.o ABSOLUTE
    py32f002b_hal_exti.c                     0x00000000   Number         0  py32f002b_hal_exti.o ABSOLUTE
    py32f002b_hal_gpio.c                     0x00000000   Number         0  py32f002b_hal_gpio.o ABSOLUTE
    py32f002b_hal_msp.c                      0x00000000   Number         0  py32f002b_hal_msp.o ABSOLUTE
    py32f002b_hal_pwr.c                      0x00000000   Number         0  py32f002b_hal_pwr.o ABSOLUTE
    py32f002b_hal_rcc.c                      0x00000000   Number         0  py32f002b_hal_rcc.o ABSOLUTE
    py32f002b_hal_rcc_ex.c                   0x00000000   Number         0  py32f002b_hal_rcc_ex.o ABSOLUTE
    py32f002b_hal_tim.c                      0x00000000   Number         0  py32f002b_hal_tim.o ABSOLUTE
    py32f002b_hal_tim_ex.c                   0x00000000   Number         0  py32f002b_hal_tim_ex.o ABSOLUTE
    py32f002b_hal_uart.c                     0x00000000   Number         0  py32f002b_hal_uart.o ABSOLUTE
    py32f002b_it.c                           0x00000000   Number         0  py32f002b_it.o ABSOLUTE
    startup_py32f002bxx.s                    0x00000000   Number         0  startup_py32f002bxx.o ABSOLUTE
    system_py32f002b.c                       0x00000000   Number         0  system_py32f002b.o ABSOLUTE
    RESET                                    0x08000000   Section      192  startup_py32f002bxx.o(RESET)
    .ARM.Collect$$$$00000000                 0x080000c0   Section        0  entry.o(.ARM.Collect$$$$00000000)
    .ARM.Collect$$$$00000001                 0x080000c0   Section        4  entry2.o(.ARM.Collect$$$$00000001)
    .ARM.Collect$$$$00000004                 0x080000c4   Section        4  entry5.o(.ARM.Collect$$$$00000004)
    .ARM.Collect$$$$00000008                 0x080000c8   Section        0  entry7b.o(.ARM.Collect$$$$00000008)
    .ARM.Collect$$$$0000000A                 0x080000c8   Section        0  entry8b.o(.ARM.Collect$$$$0000000A)
    .ARM.Collect$$$$0000000B                 0x080000c8   Section        8  entry9a.o(.ARM.Collect$$$$0000000B)
    __lit__00000000                          0x080000d0   Data           4  entry2.o(.ARM.Collect$$$$00002712)
    .ARM.Collect$$$$0000000D                 0x080000d0   Section        0  entry10a.o(.ARM.Collect$$$$0000000D)
    .ARM.Collect$$$$0000000F                 0x080000d0   Section        0  entry11a.o(.ARM.Collect$$$$0000000F)
    .ARM.Collect$$$$00002712                 0x080000d0   Section        4  entry2.o(.ARM.Collect$$$$00002712)
    .text                                    0x080000d4   Section       28  startup_py32f002bxx.o(.text)
    .text                                    0x080000f0   Section        0  uidiv_div0.o(.text)
    .text                                    0x08000130   Section        0  idiv_div0.o(.text)
    .text                                    0x08000180   Section       48  init.o(.text)
    [Anonymous Symbol]                       0x080001b0   Section        0  py32f002b_hal_adc.o(.text.HAL_ADC_Calibration_Start)
    [Anonymous Symbol]                       0x0800022c   Section        0  py32f002b_hal_adc.o(.text.HAL_ADC_ConfigChannel)
    __arm_cp.16_0                            0x08000320   Number         4  py32f002b_hal_adc.o(.text.HAL_ADC_ConfigChannel)
    __arm_cp.16_1                            0x08000324   Number         4  py32f002b_hal_adc.o(.text.HAL_ADC_ConfigChannel)
    __arm_cp.16_4                            0x08000328   Number         4  py32f002b_hal_adc.o(.text.HAL_ADC_ConfigChannel)
    __arm_cp.16_5                            0x0800032c   Number         4  py32f002b_hal_adc.o(.text.HAL_ADC_ConfigChannel)
    [Anonymous Symbol]                       0x08000330   Section        0  py32f002b_hal_adc.o(.text.HAL_ADC_GetValue)
    [Anonymous Symbol]                       0x08000338   Section        0  py32f002b_hal_adc.o(.text.HAL_ADC_Init)
    __arm_cp.0_0                             0x08000458   Number         4  py32f002b_hal_adc.o(.text.HAL_ADC_Init)
    __arm_cp.0_1                             0x0800045c   Number         4  py32f002b_hal_adc.o(.text.HAL_ADC_Init)
    [Anonymous Symbol]                       0x08000460   Section        0  py32f002b_hal_adc.o(.text.HAL_ADC_MspInit)
    [Anonymous Symbol]                       0x08000462   Section        0  py32f002b_hal_adc.o(.text.HAL_ADC_PollForConversion)
    [Anonymous Symbol]                       0x08000518   Section        0  py32f002b_hal_adc.o(.text.HAL_ADC_Start)
    __arm_cp.4_0                             0x080005bc   Number         4  py32f002b_hal_adc.o(.text.HAL_ADC_Start)
    __arm_cp.4_1                             0x080005c0   Number         4  py32f002b_hal_adc.o(.text.HAL_ADC_Start)
    __arm_cp.4_2                             0x080005c4   Number         4  py32f002b_hal_adc.o(.text.HAL_ADC_Start)
    __arm_cp.4_3                             0x080005c8   Number         4  py32f002b_hal_adc.o(.text.HAL_ADC_Start)
    [Anonymous Symbol]                       0x080005cc   Section        0  py32f002b_hal.o(.text.HAL_Delay)
    [Anonymous Symbol]                       0x080005ec   Section        0  py32f002b_hal_gpio.o(.text.HAL_GPIO_Init)
    __arm_cp.0_0                             0x08000754   Number         4  py32f002b_hal_gpio.o(.text.HAL_GPIO_Init)
    __arm_cp.0_1                             0x08000758   Number         4  py32f002b_hal_gpio.o(.text.HAL_GPIO_Init)
    __arm_cp.0_2                             0x0800075c   Number         4  py32f002b_hal_gpio.o(.text.HAL_GPIO_Init)
    __arm_cp.0_3                             0x08000760   Number         4  py32f002b_hal_gpio.o(.text.HAL_GPIO_Init)
    [Anonymous Symbol]                       0x08000764   Section        0  py32f002b_hal.o(.text.HAL_GetTick)
    [Anonymous Symbol]                       0x0800076c   Section        0  py32f002b_hal.o(.text.HAL_IncTick)
    __arm_cp.5_1                             0x0800077c   Number         4  py32f002b_hal.o(.text.HAL_IncTick)
    [Anonymous Symbol]                       0x08000780   Section        0  py32f002b_hal.o(.text.HAL_Init)
    [Anonymous Symbol]                       0x08000798   Section        0  py32f002b_hal.o(.text.HAL_InitTick)
    __arm_cp.1_0                             0x080007d8   Number         4  py32f002b_hal.o(.text.HAL_InitTick)
    __arm_cp.1_1                             0x080007dc   Number         4  py32f002b_hal.o(.text.HAL_InitTick)
    __arm_cp.1_2                             0x080007e0   Number         4  py32f002b_hal.o(.text.HAL_InitTick)
    [Anonymous Symbol]                       0x080007e4   Section        0  py32f002b_hal_msp.o(.text.HAL_MspInit)
    __arm_cp.0_0                             0x08000820   Number         4  py32f002b_hal_msp.o(.text.HAL_MspInit)
    [Anonymous Symbol]                       0x08000824   Section        0  py32f002b_hal_cortex.o(.text.HAL_NVIC_SetPriority)
    __arm_cp.0_0                             0x08000854   Number         4  py32f002b_hal_cortex.o(.text.HAL_NVIC_SetPriority)
    __arm_cp.0_1                             0x08000858   Number         4  py32f002b_hal_cortex.o(.text.HAL_NVIC_SetPriority)
    [Anonymous Symbol]                       0x0800085c   Section        0  py32f002b_hal_cortex.o(.text.HAL_SYSTICK_Config)
    __arm_cp.4_0                             0x08000884   Number         4  py32f002b_hal_cortex.o(.text.HAL_SYSTICK_Config)
    __arm_cp.4_1                             0x08000888   Number         4  py32f002b_hal_cortex.o(.text.HAL_SYSTICK_Config)
    __arm_cp.4_2                             0x0800088c   Number         4  py32f002b_hal_cortex.o(.text.HAL_SYSTICK_Config)
    [Anonymous Symbol]                       0x08000890   Section        0  py32f002b_hal_tim_ex.o(.text.HAL_TIMEx_BreakCallback)
    [Anonymous Symbol]                       0x08000892   Section        0  py32f002b_hal_tim_ex.o(.text.HAL_TIMEx_CommutCallback)
    [Anonymous Symbol]                       0x08000894   Section        0  py32f002b_hal_tim.o(.text.HAL_TIM_Base_Init)
    __arm_cp.0_0                             0x0800090c   Number         4  py32f002b_hal_tim.o(.text.HAL_TIM_Base_Init)
    __arm_cp.0_1                             0x08000910   Number         4  py32f002b_hal_tim.o(.text.HAL_TIM_Base_Init)
    [Anonymous Symbol]                       0x08000914   Section        0  py32f002b_hal_msp.o(.text.HAL_TIM_Base_MspInit)
    __arm_cp.1_0                             0x08000998   Number         4  py32f002b_hal_msp.o(.text.HAL_TIM_Base_MspInit)
    [Anonymous Symbol]                       0x0800099c   Section        0  py32f002b_hal_tim.o(.text.HAL_TIM_IC_CaptureCallback)
    [Anonymous Symbol]                       0x0800099e   Section        0  py32f002b_hal_tim.o(.text.HAL_TIM_IRQHandler)
    [Anonymous Symbol]                       0x08000ae6   Section        0  py32f002b_hal_tim.o(.text.HAL_TIM_OC_DelayElapsedCallback)
    [Anonymous Symbol]                       0x08000ae8   Section        0  py32f002b_hal_tim.o(.text.HAL_TIM_PWM_ConfigChannel)
    __arm_cp.60_2                            0x08000d38   Number         4  py32f002b_hal_tim.o(.text.HAL_TIM_PWM_ConfigChannel)
    [Anonymous Symbol]                       0x08000d3c   Section        0  py32f002b_hal_tim.o(.text.HAL_TIM_PWM_PulseFinishedCallback)
    [Anonymous Symbol]                       0x08000d40   Section        0  py32f002b_hal_tim.o(.text.HAL_TIM_PWM_Start)
    __arm_cp.22_0                            0x08000d80   Number         4  py32f002b_hal_tim.o(.text.HAL_TIM_PWM_Start)
    __arm_cp.22_1                            0x08000d84   Number         4  py32f002b_hal_tim.o(.text.HAL_TIM_PWM_Start)
    [Anonymous Symbol]                       0x08000d88   Section        0  py32f002b_hal_tim.o(.text.HAL_TIM_PeriodElapsedCallback)
    [Anonymous Symbol]                       0x08000d8a   Section        0  py32f002b_hal_tim.o(.text.HAL_TIM_TriggerCallback)
    [Anonymous Symbol]                       0x08000d8c   Section        0  py32f002b_it.o(.text.HardFault_Handler)
    [Anonymous Symbol]                       0x08000d8e   Section        0  py32f002b_it.o(.text.NMI_Handler)
    [Anonymous Symbol]                       0x08000d90   Section        0  py32f002b_it.o(.text.PendSV_Handler)
    [Anonymous Symbol]                       0x08000d92   Section        0  py32f002b_it.o(.text.SVC_Handler)
    [Anonymous Symbol]                       0x08000d94   Section        0  py32f002b_it.o(.text.SysTick_Handler)
    [Anonymous Symbol]                       0x08000d9c   Section        0  system_py32f002b.o(.text.SystemInit)
    __arm_cp.1_0                             0x08000ddc   Number         4  system_py32f002b.o(.text.SystemInit)
    __arm_cp.1_1                             0x08000de0   Number         4  system_py32f002b.o(.text.SystemInit)
    __arm_cp.1_2                             0x08000de4   Number         4  system_py32f002b.o(.text.SystemInit)
    __arm_cp.1_3                             0x08000de8   Number         4  system_py32f002b.o(.text.SystemInit)
    __arm_cp.1_4                             0x08000dec   Number         4  system_py32f002b.o(.text.SystemInit)
    __arm_cp.1_5                             0x08000df0   Number         4  system_py32f002b.o(.text.SystemInit)
    [Anonymous Symbol]                       0x08000df4   Section        0  py32f002b_it.o(.text.TIM1_BRK_UP_TRG_COM_IRQHandler)
    [Anonymous Symbol]                       0x08000e00   Section        0  main.o(.text.main)
    __arm_cp.0_0                             0x08000f4c   Number         4  main.o(.text.main)
    __arm_cp.0_1                             0x08000f50   Number         4  main.o(.text.main)
    __arm_cp.0_2                             0x08000f54   Number         4  main.o(.text.main)
    __arm_cp.0_3                             0x08000f58   Number         4  main.o(.text.main)
    __arm_cp.0_4                             0x08000f5c   Number         4  main.o(.text.main)
    __arm_cp.0_5                             0x08000f60   Number         4  main.o(.text.main)
    __arm_cp.0_6                             0x08000f64   Number         4  main.o(.text.main)
    __arm_cp.0_7                             0x08000f68   Number         4  main.o(.text.main)
    __arm_cp.0_8                             0x08000f6c   Number         4  main.o(.text.main)
    i.__scatterload_copy                     0x08000f70   Section       14  handlers.o(i.__scatterload_copy)
    i.__scatterload_null                     0x08000f7e   Section        2  handlers.o(i.__scatterload_null)
    i.__scatterload_zeroinit                 0x08000f80   Section       14  handlers.o(i.__scatterload_zeroinit)
    STACK                                    0x20000090   Section     1024  startup_py32f002bxx.o(STACK)

    Global Symbols

    Symbol Name                              Value     Ov Type        Size  Object(Section)

    BuildAttributes$$THM_ISAv3M$S$PE$A:L22$X:L11$S22$IEEE1$IW$~IW$USESV6$~STKCKD$USESV7$~SHL$OTIME$EBA8$MICROLIB$REQ8$PRES8$EABIv2 0x00000000   Number         0  anon$$obj.o ABSOLUTE
    __cpp_initialize__aeabi_                  - Undefined Weak Reference
    __cxa_finalize                            - Undefined Weak Reference
    __decompress                              - Undefined Weak Reference
    _clock_init                               - Undefined Weak Reference
    _microlib_exit                            - Undefined Weak Reference
    __Vectors_Size                           0x000000c0   Number         0  startup_py32f002bxx.o ABSOLUTE
    __Vectors                                0x08000000   Data           4  startup_py32f002bxx.o(RESET)
    __Vectors_End                            0x080000c0   Data           0  startup_py32f002bxx.o(RESET)
    __main                                   0x080000c1   Thumb Code     0  entry.o(.ARM.Collect$$$$00000000)
    _main_stk                                0x080000c1   Thumb Code     0  entry2.o(.ARM.Collect$$$$00000001)
    _main_scatterload                        0x080000c5   Thumb Code     0  entry5.o(.ARM.Collect$$$$00000004)
    __main_after_scatterload                 0x080000c9   Thumb Code     0  entry5.o(.ARM.Collect$$$$00000004)
    _main_clock                              0x080000c9   Thumb Code     0  entry7b.o(.ARM.Collect$$$$00000008)
    _main_cpp_init                           0x080000c9   Thumb Code     0  entry8b.o(.ARM.Collect$$$$0000000A)
    _main_init                               0x080000c9   Thumb Code     0  entry9a.o(.ARM.Collect$$$$0000000B)
    __rt_final_cpp                           0x080000d1   Thumb Code     0  entry10a.o(.ARM.Collect$$$$0000000D)
    __rt_final_exit                          0x080000d1   Thumb Code     0  entry11a.o(.ARM.Collect$$$$0000000F)
    Reset_Handler                            0x080000d5   Thumb Code     8  startup_py32f002bxx.o(.text)
    ADC_COMP_IRQHandler                      0x080000e7   Thumb Code     0  startup_py32f002bxx.o(.text)
    EXTI0_1_IRQHandler                       0x080000e7   Thumb Code     0  startup_py32f002bxx.o(.text)
    EXTI2_3_IRQHandler                       0x080000e7   Thumb Code     0  startup_py32f002bxx.o(.text)
    EXTI4_15_IRQHandler                      0x080000e7   Thumb Code     0  startup_py32f002bxx.o(.text)
    FLASH_IRQHandler                         0x080000e7   Thumb Code     0  startup_py32f002bxx.o(.text)
    I2C1_IRQHandler                          0x080000e7   Thumb Code     0  startup_py32f002bxx.o(.text)
    LPTIM1_IRQHandler                        0x080000e7   Thumb Code     0  startup_py32f002bxx.o(.text)
    RCC_IRQHandler                           0x080000e7   Thumb Code     0  startup_py32f002bxx.o(.text)
    SPI1_IRQHandler                          0x080000e7   Thumb Code     0  startup_py32f002bxx.o(.text)
    TIM14_IRQHandler                         0x080000e7   Thumb Code     0  startup_py32f002bxx.o(.text)
    TIM1_CC_IRQHandler                       0x080000e7   Thumb Code     0  startup_py32f002bxx.o(.text)
    USART1_IRQHandler                        0x080000e7   Thumb Code     0  startup_py32f002bxx.o(.text)
    __aeabi_uidiv                            0x080000f1   Thumb Code     0  uidiv_div0.o(.text)
    __aeabi_uidivmod                         0x080000f1   Thumb Code    62  uidiv_div0.o(.text)
    __aeabi_idiv                             0x08000131   Thumb Code     0  idiv_div0.o(.text)
    __aeabi_idivmod$div0                     0x08000131   Thumb Code    74  idiv_div0.o(.text)
    __scatterload                            0x08000181   Thumb Code    38  init.o(.text)
    __scatterload_rt2                        0x08000181   Thumb Code     0  init.o(.text)
    HAL_ADC_Calibration_Start                0x080001b1   Thumb Code   122  py32f002b_hal_adc.o(.text.HAL_ADC_Calibration_Start)
    HAL_ADC_ConfigChannel                    0x0800022d   Thumb Code   244  py32f002b_hal_adc.o(.text.HAL_ADC_ConfigChannel)
    HAL_ADC_GetValue                         0x08000331   Thumb Code     6  py32f002b_hal_adc.o(.text.HAL_ADC_GetValue)
    HAL_ADC_Init                             0x08000339   Thumb Code   288  py32f002b_hal_adc.o(.text.HAL_ADC_Init)
    HAL_ADC_MspInit                          0x08000461   Thumb Code     2  py32f002b_hal_adc.o(.text.HAL_ADC_MspInit)
    HAL_ADC_PollForConversion                0x08000463   Thumb Code   182  py32f002b_hal_adc.o(.text.HAL_ADC_PollForConversion)
    HAL_ADC_Start                            0x08000519   Thumb Code   164  py32f002b_hal_adc.o(.text.HAL_ADC_Start)
    HAL_Delay                                0x080005cd   Thumb Code    32  py32f002b_hal.o(.text.HAL_Delay)
    HAL_GPIO_Init                            0x080005ed   Thumb Code   360  py32f002b_hal_gpio.o(.text.HAL_GPIO_Init)
    HAL_GetTick                              0x08000765   Thumb Code     8  py32f002b_hal.o(.text.HAL_GetTick)
    HAL_IncTick                              0x0800076d   Thumb Code    16  py32f002b_hal.o(.text.HAL_IncTick)
    HAL_Init                                 0x08000781   Thumb Code    24  py32f002b_hal.o(.text.HAL_Init)
    HAL_InitTick                             0x08000799   Thumb Code    64  py32f002b_hal.o(.text.HAL_InitTick)
    HAL_MspInit                              0x080007e5   Thumb Code    60  py32f002b_hal_msp.o(.text.HAL_MspInit)
    HAL_NVIC_SetPriority                     0x08000825   Thumb Code    48  py32f002b_hal_cortex.o(.text.HAL_NVIC_SetPriority)
    HAL_SYSTICK_Config                       0x0800085d   Thumb Code    40  py32f002b_hal_cortex.o(.text.HAL_SYSTICK_Config)
    HAL_TIMEx_BreakCallback                  0x08000891   Thumb Code     2  py32f002b_hal_tim_ex.o(.text.HAL_TIMEx_BreakCallback)
    HAL_TIMEx_CommutCallback                 0x08000893   Thumb Code     2  py32f002b_hal_tim_ex.o(.text.HAL_TIMEx_CommutCallback)
    HAL_TIM_Base_Init                        0x08000895   Thumb Code   120  py32f002b_hal_tim.o(.text.HAL_TIM_Base_Init)
    HAL_TIM_Base_MspInit                     0x08000915   Thumb Code   132  py32f002b_hal_msp.o(.text.HAL_TIM_Base_MspInit)
    HAL_TIM_IC_CaptureCallback               0x0800099d   Thumb Code     2  py32f002b_hal_tim.o(.text.HAL_TIM_IC_CaptureCallback)
    HAL_TIM_IRQHandler                       0x0800099f   Thumb Code   328  py32f002b_hal_tim.o(.text.HAL_TIM_IRQHandler)
    HAL_TIM_OC_DelayElapsedCallback          0x08000ae7   Thumb Code     2  py32f002b_hal_tim.o(.text.HAL_TIM_OC_DelayElapsedCallback)
    HAL_TIM_PWM_ConfigChannel                0x08000ae9   Thumb Code   592  py32f002b_hal_tim.o(.text.HAL_TIM_PWM_ConfigChannel)
    HAL_TIM_PWM_PulseFinishedCallback        0x08000d3d   Thumb Code     2  py32f002b_hal_tim.o(.text.HAL_TIM_PWM_PulseFinishedCallback)
    HAL_TIM_PWM_Start                        0x08000d41   Thumb Code    64  py32f002b_hal_tim.o(.text.HAL_TIM_PWM_Start)
    HAL_TIM_PeriodElapsedCallback            0x08000d89   Thumb Code     2  py32f002b_hal_tim.o(.text.HAL_TIM_PeriodElapsedCallback)
    HAL_TIM_TriggerCallback                  0x08000d8b   Thumb Code     2  py32f002b_hal_tim.o(.text.HAL_TIM_TriggerCallback)
    HardFault_Handler                        0x08000d8d   Thumb Code     2  py32f002b_it.o(.text.HardFault_Handler)
    NMI_Handler                              0x08000d8f   Thumb Code     2  py32f002b_it.o(.text.NMI_Handler)
    PendSV_Handler                           0x08000d91   Thumb Code     2  py32f002b_it.o(.text.PendSV_Handler)
    SVC_Handler                              0x08000d93   Thumb Code     2  py32f002b_it.o(.text.SVC_Handler)
    SysTick_Handler                          0x08000d95   Thumb Code     8  py32f002b_it.o(.text.SysTick_Handler)
    SystemInit                               0x08000d9d   Thumb Code    64  system_py32f002b.o(.text.SystemInit)
    TIM1_BRK_UP_TRG_COM_IRQHandler           0x08000df5   Thumb Code    12  py32f002b_it.o(.text.TIM1_BRK_UP_TRG_COM_IRQHandler)
    main                                     0x08000e01   Thumb Code   332  main.o(.text.main)
    __scatterload_copy                       0x08000f71   Thumb Code    14  handlers.o(i.__scatterload_copy)
    __scatterload_null                       0x08000f7f   Thumb Code     2  handlers.o(i.__scatterload_null)
    __scatterload_zeroinit                   0x08000f81   Thumb Code    14  handlers.o(i.__scatterload_zeroinit)
    Region$$Table$$Base                      0x08000f90   Number         0  anon$$obj.o(Region$$Table)
    Region$$Table$$Limit                     0x08000fb0   Number         0  anon$$obj.o(Region$$Table)
    SystemCoreClock                          0x20000000   Data           4  system_py32f002b.o(.data.SystemCoreClock)
    uwTickFreq                               0x20000004   Data           4  py32f002b_hal.o(.data.uwTickFreq)
    uwTickPrio                               0x20000008   Data           4  py32f002b_hal.o(.data.uwTickPrio)
    TimHandle                                0x20000010   Data          32  main.o(.bss.TimHandle)
    aADCxConvertedData                       0x20000030   Data           2  main.o(.bss.aADCxConvertedData)
    hadc                                     0x20000034   Data          56  main.o(.bss.hadc)
    pwmOutputValue                           0x2000006c   Data           2  main.o(.bss.pwmOutputValue)
    sConfig                                  0x20000070   Data          28  main.o(.bss.sConfig)
    uwTick                                   0x2000008c   Data           4  py32f002b_hal.o(.bss.uwTick)
    __initial_sp                             0x20000490   Data           0  startup_py32f002bxx.o(STACK)



==============================================================================

Memory Map of the image

  Image Entry point : 0x080000c1

  Load Region LR_IROM1 (Base: 0x08000000, Size: 0x00000fc0, Max: 0x00006000, ABSOLUTE)

    Execution Region ER_IROM1 (Exec base: 0x08000000, Load base: 0x08000000, Size: 0x00000fb0, Max: 0x00006000, ABSOLUTE)

    Exec Addr    Load Addr    Size         Type   Attr      Idx    E Section Name        Object

    0x08000000   0x08000000   0x000000c0   Data   RO            3    RESET               startup_py32f002bxx.o
    0x080000c0   0x080000c0   0x00000000   Code   RO          680  * .ARM.Collect$$$$00000000  mc_p.l(entry.o)
    0x080000c0   0x080000c0   0x00000004   Code   RO          691    .ARM.Collect$$$$00000001  mc_p.l(entry2.o)
    0x080000c4   0x080000c4   0x00000004   Code   RO          694    .ARM.Collect$$$$00000004  mc_p.l(entry5.o)
    0x080000c8   0x080000c8   0x00000000   Code   RO          696    .ARM.Collect$$$$00000008  mc_p.l(entry7b.o)
    0x080000c8   0x080000c8   0x00000000   Code   RO          698    .ARM.Collect$$$$0000000A  mc_p.l(entry8b.o)
    0x080000c8   0x080000c8   0x00000008   Code   RO          699    .ARM.Collect$$$$0000000B  mc_p.l(entry9a.o)
    0x080000d0   0x080000d0   0x00000000   Code   RO          701    .ARM.Collect$$$$0000000D  mc_p.l(entry10a.o)
    0x080000d0   0x080000d0   0x00000000   Code   RO          703    .ARM.Collect$$$$0000000F  mc_p.l(entry11a.o)
    0x080000d0   0x080000d0   0x00000004   Code   RO          692    .ARM.Collect$$$$00002712  mc_p.l(entry2.o)
    0x080000d4   0x080000d4   0x0000001c   Code   RO            4    .text               startup_py32f002bxx.o
    0x080000f0   0x080000f0   0x0000003e   Code   RO          709    .text               mc_p.l(uidiv_div0.o)
    0x0800012e   0x0800012e   0x00000002   PAD
    0x08000130   0x08000130   0x00000050   Code   RO          711    .text               mc_p.l(idiv_div0.o)
    0x08000180   0x08000180   0x00000030   Code   RO          715    .text               mc_p.l(init.o)
    0x080001b0   0x080001b0   0x0000007a   Code   RO          667    .text.HAL_ADC_Calibration_Start  py32f002b_hal_adc.o
    0x0800022a   0x0800022a   0x00000002   PAD
    0x0800022c   0x0800022c   0x00000104   Code   RO          657    .text.HAL_ADC_ConfigChannel  py32f002b_hal_adc.o
    0x08000330   0x08000330   0x00000006   Code   RO          645    .text.HAL_ADC_GetValue  py32f002b_hal_adc.o
    0x08000336   0x08000336   0x00000002   PAD
    0x08000338   0x08000338   0x00000128   Code   RO          625    .text.HAL_ADC_Init  py32f002b_hal_adc.o
    0x08000460   0x08000460   0x00000002   Code   RO          627    .text.HAL_ADC_MspInit  py32f002b_hal_adc.o
    0x08000462   0x08000462   0x000000b6   Code   RO          637    .text.HAL_ADC_PollForConversion  py32f002b_hal_adc.o
    0x08000518   0x08000518   0x000000b4   Code   RO          633    .text.HAL_ADC_Start  py32f002b_hal_adc.o
    0x080005cc   0x080005cc   0x00000020   Code   RO           98    .text.HAL_Delay     py32f002b_hal.o
    0x080005ec   0x080005ec   0x00000178   Code   RO          204    .text.HAL_GPIO_Init  py32f002b_hal_gpio.o
    0x08000764   0x08000764   0x00000008   Code   RO           90    .text.HAL_GetTick   py32f002b_hal.o
    0x0800076c   0x0800076c   0x00000014   Code   RO           88    .text.HAL_IncTick   py32f002b_hal.o
    0x08000780   0x08000780   0x00000018   Code   RO           78    .text.HAL_Init      py32f002b_hal.o
    0x08000798   0x08000798   0x0000004c   Code   RO           80    .text.HAL_InitTick  py32f002b_hal.o
    0x080007e4   0x080007e4   0x00000040   Code   RO           47    .text.HAL_MspInit   py32f002b_hal_msp.o
    0x08000824   0x08000824   0x00000038   Code   RO          328    .text.HAL_NVIC_SetPriority  py32f002b_hal_cortex.o
    0x0800085c   0x0800085c   0x00000034   Code   RO          336    .text.HAL_SYSTICK_Config  py32f002b_hal_cortex.o
    0x08000890   0x08000890   0x00000002   Code   RO          613    .text.HAL_TIMEx_BreakCallback  py32f002b_hal_tim_ex.o
    0x08000892   0x08000892   0x00000002   Code   RO          609    .text.HAL_TIMEx_CommutCallback  py32f002b_hal_tim_ex.o
    0x08000894   0x08000894   0x00000080   Code   RO          386    .text.HAL_TIM_Base_Init  py32f002b_hal_tim.o
    0x08000914   0x08000914   0x00000088   Code   RO           49    .text.HAL_TIM_Base_MspInit  py32f002b_hal_msp.o
    0x0800099c   0x0800099c   0x00000002   Code   RO          488    .text.HAL_TIM_IC_CaptureCallback  py32f002b_hal_tim.o
    0x0800099e   0x0800099e   0x00000148   Code   RO          486    .text.HAL_TIM_IRQHandler  py32f002b_hal_tim.o
    0x08000ae6   0x08000ae6   0x00000002   Code   RO          490    .text.HAL_TIM_OC_DelayElapsedCallback  py32f002b_hal_tim.o
    0x08000ae8   0x08000ae8   0x00000254   Code   RO          506    .text.HAL_TIM_PWM_ConfigChannel  py32f002b_hal_tim.o
    0x08000d3c   0x08000d3c   0x00000002   Code   RO          492    .text.HAL_TIM_PWM_PulseFinishedCallback  py32f002b_hal_tim.o
    0x08000d3e   0x08000d3e   0x00000002   PAD
    0x08000d40   0x08000d40   0x00000048   Code   RO          430    .text.HAL_TIM_PWM_Start  py32f002b_hal_tim.o
    0x08000d88   0x08000d88   0x00000002   Code   RO          494    .text.HAL_TIM_PeriodElapsedCallback  py32f002b_hal_tim.o
    0x08000d8a   0x08000d8a   0x00000002   Code   RO          496    .text.HAL_TIM_TriggerCallback  py32f002b_hal_tim.o
    0x08000d8c   0x08000d8c   0x00000002   Code   RO           61    .text.HardFault_Handler  py32f002b_it.o
    0x08000d8e   0x08000d8e   0x00000002   Code   RO           59    .text.NMI_Handler   py32f002b_it.o
    0x08000d90   0x08000d90   0x00000002   Code   RO           65    .text.PendSV_Handler  py32f002b_it.o
    0x08000d92   0x08000d92   0x00000002   Code   RO           63    .text.SVC_Handler   py32f002b_it.o
    0x08000d94   0x08000d94   0x00000008   Code   RO           67    .text.SysTick_Handler  py32f002b_it.o
    0x08000d9c   0x08000d9c   0x00000058   Code   RO           13    .text.SystemInit    system_py32f002b.o
    0x08000df4   0x08000df4   0x0000000c   Code   RO           69    .text.TIM1_BRK_UP_TRG_COM_IRQHandler  py32f002b_it.o
    0x08000e00   0x08000e00   0x00000170   Code   RO           27    .text.main          main.o
    0x08000f70   0x08000f70   0x0000000e   Code   RO          719    i.__scatterload_copy  mc_p.l(handlers.o)
    0x08000f7e   0x08000f7e   0x00000002   Code   RO          720    i.__scatterload_null  mc_p.l(handlers.o)
    0x08000f80   0x08000f80   0x0000000e   Code   RO          721    i.__scatterload_zeroinit  mc_p.l(handlers.o)
    0x08000f8e   0x08000f8e   0x00000002   PAD
    0x08000f90   0x08000f90   0x00000020   Data   RO          718    Region$$Table       anon$$obj.o


    Execution Region RW_IRAM1 (Exec base: 0x20000000, Load base: 0x08000fb0, Size: 0x00000490, Max: 0x00000c00, ABSOLUTE)

    Exec Addr    Load Addr    Size         Type   Attr      Idx    E Section Name        Object

    0x20000000   0x08000fb0   0x00000004   Data   RW           15    .data.SystemCoreClock  system_py32f002b.o
    0x20000004   0x08000fb4   0x00000004   Data   RW          139    .data.uwTickFreq    py32f002b_hal.o
    0x20000008   0x08000fb8   0x00000004   Data   RW          138    .data.uwTickPrio    py32f002b_hal.o
    0x2000000c   0x08000fbc   0x00000004   PAD
    0x20000010        -       0x00000020   Zero   RW           34    .bss.TimHandle      main.o
    0x20000030        -       0x00000002   Zero   RW           36    .bss.aADCxConvertedData  main.o
    0x20000032   0x08000fbc   0x00000002   PAD
    0x20000034        -       0x00000038   Zero   RW           35    .bss.hadc           main.o
    0x2000006c        -       0x00000002   Zero   RW           33    .bss.pwmOutputValue  main.o
    0x2000006e   0x08000fbc   0x00000002   PAD
    0x20000070        -       0x0000001c   Zero   RW           37    .bss.sConfig        main.o
    0x2000008c        -       0x00000004   Zero   RW          140    .bss.uwTick         py32f002b_hal.o
    0x20000090        -       0x00000400   Zero   RW            1    STACK               startup_py32f002bxx.o


==============================================================================

Image component sizes


      Code (inc. data)   RO Data    RW Data    ZI Data      Debug   Object Name

       368         36          0          0        120       6200   main.o
       160         16          0          8          4       6848   py32f002b_hal.o
      1048         40          0          0          0      11892   py32f002b_hal_adc.o
       108         20          0          0          0       5200   py32f002b_hal_cortex.o
       376         16          0          0          0       4569   py32f002b_hal_gpio.o
       200          8          0          0          0       3526   py32f002b_hal_msp.o
      1134         24          0          0          0      43630   py32f002b_hal_tim.o
         4          0          0          0          0      12565   py32f002b_hal_tim_ex.o
        28          0          0          0          0       1387   py32f002b_it.o
        28          8        192          0       1024        668   startup_py32f002bxx.o
        88         24          0          4          0       2266   system_py32f002b.o

    ----------------------------------------------------------------------
      3548        192        224         12       1156      98751   Object Totals
         0          0         32          0          0          0   (incl. Generated)
         6          0          0          0          8          0   (incl. Padding)

    ----------------------------------------------------------------------

      Code (inc. data)   RO Data    RW Data    ZI Data      Debug   Library Member Name

         0          0          0          0          0          0   entry.o
         0          0          0          0          0          0   entry10a.o
         0          0          0          0          0          0   entry11a.o
         8          4          0          0          0          0   entry2.o
         4          0          0          0          0          0   entry5.o
         0          0          0          0          0          0   entry7b.o
         0          0          0          0          0          0   entry8b.o
         8          4          0          0          0          0   entry9a.o
        30          0          0          0          0          0   handlers.o
        80          6          0          0          0         72   idiv_div0.o
        48         10          0          0          0         68   init.o
        62          0          0          0          0         72   uidiv_div0.o

    ----------------------------------------------------------------------
       244         24          0          0          0        212   Library Totals
         4          0          0          0          0          0   (incl. Padding)

    ----------------------------------------------------------------------

      Code (inc. data)   RO Data    RW Data    ZI Data      Debug   Library Name

       240         24          0          0          0        212   mc_p.l

    ----------------------------------------------------------------------
       244         24          0          0          0        212   Library Totals

    ----------------------------------------------------------------------

==============================================================================


      Code (inc. data)   RO Data    RW Data    ZI Data      Debug   

      3792        216        224         12       1156      98891   Grand Totals
      3792        216        224         12       1156      98891   ELF Image Totals
      3792        216        224         12          0          0   ROM Totals

==============================================================================

    Total RO  Size (Code + RO Data)                 4016 (   3.92kB)
    Total RW  Size (RW Data + ZI Data)              1168 (   1.14kB)
    Total ROM Size (Code + RO Data + RW Data)       4028 (   3.93kB)

==============================================================================

