<html>
<body>
<pre>
<h1>µVision Build Log</h1>
<h2>Tool Versions:</h2>
IDE-Version: ¦ÌVision V5.43.1.0
Copyright (C) 2025 ARM Ltd and ARM Germany GmbH. All rights reserved.
License Information: wwng robin, usts, LIC=BUURY-IVMH4-740S0-BMHHT-6TJ5S-ME3YV
 
Tool Versions:
Toolchain:       MDK-ARM Plus  Version: 5.43.0.0
Toolchain Path:  C:\Users\Administrator\AppData\Local\Keil_v5\ARM\ARMCLANG\Bin
C Compiler:      ArmClang.exe V6.24
Assembler:       Armasm.exe V6.24
Linker/Locator:  ArmLink.exe V6.24
Library Manager: ArmAr.exe V6.24
Hex Converter:   FromElf.exe V6.24
CPU DLL:         SARMCM3.DLL V5.43.0.0
Dialog DLL:      DARMCM1.DLL V1.19.6.0
Target DLL:      CMSIS_AGDI.dll V1.33.24.0
Dialog DLL:      TARMCM1.DLL V1.14.6.0
 
<h2>Project:</h2>
C:\Users\Administrator\Desktop\PY32F002B_Firmware\Projects\PY32F002B-STK\Example\TIM\fan_control\MDK-ARM\Project.uvprojx
Project File Date:  11/23/2025

<h2>Output:</h2>
*** Using Compiler 'V6.24', folder: 'C:\Users\Administrator\AppData\Local\Keil_v5\ARM\ARMCLANG\Bin'
Build target 'Project'
compiling py32f002b_hal_msp.c...
compiling main.c...
linking...
Program Size: Code=3792 RO-data=224 RW-data=12 ZI-data=1156  
FromELF: creating hex file...
".\Output\Project.axf" - 0 Error(s), 0 Warning(s).

<h2>Software Packages used:</h2>

Package Vendor: ARM
                https://www.keil.com/pack/ARM.CMSIS.6.2.0.pack
                ARM::CMSIS@6.2.0
                CMSIS (Common Microcontroller Software Interface Standard)
   * Component: CORE Version: 6.1.1

Package Vendor: Puya
                https://www.puyasemi.com/uploadfiles/Puya.PY32F0xx_DFP.1.2.9.pack
                Puya::PY32F0xx_DFP@1.2.9
                Puya PY32F0 Series Device Support

<h2>Collection of Component include folders:</h2>
  ./RTE/_Project
  C:/Users/Administrator/AppData/Local/Arm/Packs/ARM/CMSIS/6.2.0/CMSIS/Core/Include
  C:/Users/Administrator/AppData/Local/Arm/Packs/Puya/PY32F0xx_DFP/1.2.9/Drivers/CMSIS/Device/PY32F0xx/Include

<h2>Collection of Component Files used:</h2>

   * Component: ARM::CMSIS:CORE@6.1.1
Build Time Elapsed:  00:00:01
</pre>
</body>
</html>
